{"nodes": [{"id": "0", "name": "The SP / PU / GO", "entity": {"name": "actor", "description": "", "aspect": {"name": "", "textColor": {"r": 0, "g": 0, "b": 0, "hex": "#000000"}, "shapeColor": {"r": 0, "g": 0, "b": 0, "hex": "#000000"}, "shape": "rectangle"}, "position": {"x": 0, "y": 0}}, "position": {"x": 0, "y": 0}, "source": {"file": "doc-10.9", "pageStart": 1, "pageEnd": 1}}, {"id": "1", "name": "request", "entity": {"name": "activity", "description": "", "aspect": {"name": "", "textColor": {"r": 0, "g": 0, "b": 0, "hex": "#000000"}, "shapeColor": {"r": 0, "g": 0, "b": 0, "hex": "#000000"}, "shape": "rectangle"}, "position": {"x": 0, "y": 0}}, "position": {"x": 0, "y": 0}, "source": {"file": "doc-10.9", "pageStart": 1, "pageEnd": 1}}, {"id": "2", "name": "changes", "entity": {"name": "activity data", "description": "", "aspect": {"name": "", "textColor": {"r": 0, "g": 0, "b": 0, "hex": "#000000"}, "shapeColor": {"r": 0, "g": 0, "b": 0, "hex": "#000000"}, "shape": "rectangle"}, "position": {"x": 0, "y": 0}}, "position": {"x": 0, "y": 0}, "source": {"file": "doc-10.9", "pageStart": 1, "pageEnd": 1}}, {"id": "3", "name": "the MPO", "entity": {"name": "actor", "description": "", "aspect": {"name": "", "textColor": {"r": 0, "g": 0, "b": 0, "hex": "#000000"}, "shapeColor": {"r": 0, "g": 0, "b": 0, "hex": "#000000"}, "shape": "rectangle"}, "position": {"x": 0, "y": 0}}, "position": {"x": 0, "y": 0}, "source": {"file": "doc-10.9", "pageStart": 1, "pageEnd": 1}}, {"id": "4", "name": "or", "entity": {"name": "xor gateway", "description": "", "aspect": {"name": "", "textColor": {"r": 0, "g": 0, "b": 0, "hex": "#000000"}, "shapeColor": {"r": 0, "g": 0, "b": 0, "hex": "#000000"}, "shape": "rectangle"}, "position": {"x": 0, "y": 0}}, "position": {"x": 0, "y": 0}, "source": {"file": "doc-10.9", "pageStart": 1, "pageEnd": 1}}, {"id": "5", "name": "causes", "entity": {"name": "activity", "description": "", "aspect": {"name": "", "textColor": {"r": 0, "g": 0, "b": 0, "hex": "#000000"}, "shapeColor": {"r": 0, "g": 0, "b": 0, "hex": "#000000"}, "shape": "rectangle"}, "position": {"x": 0, "y": 0}}, "position": {"x": 0, "y": 0}, "source": {"file": "doc-10.9", "pageStart": 1, "pageEnd": 1}}, {"id": "6", "name": "a change", "entity": {"name": "activity data", "description": "", "aspect": {"name": "", "textColor": {"r": 0, "g": 0, "b": 0, "hex": "#000000"}, "shapeColor": {"r": 0, "g": 0, "b": 0, "hex": "#000000"}, "shape": "rectangle"}, "position": {"x": 0, "y": 0}}, "position": {"x": 0, "y": 0}, "source": {"file": "doc-10.9", "pageStart": 1, "pageEnd": 1}}, {"id": "7", "name": "reviews", "entity": {"name": "activity", "description": "", "aspect": {"name": "", "textColor": {"r": 0, "g": 0, "b": 0, "hex": "#000000"}, "shapeColor": {"r": 0, "g": 0, "b": 0, "hex": "#000000"}, "shape": "rectangle"}, "position": {"x": 0, "y": 0}}, "position": {"x": 0, "y": 0}, "source": {"file": "doc-10.9", "pageStart": 1, "pageEnd": 1}}, {"id": "8", "name": "the change of the measuring point by the SP / PU / GO", "entity": {"name": "activity data", "description": "", "aspect": {"name": "", "textColor": {"r": 0, "g": 0, "b": 0, "hex": "#000000"}, "shapeColor": {"r": 0, "g": 0, "b": 0, "hex": "#000000"}, "shape": "rectangle"}, "position": {"x": 0, "y": 0}}, "position": {"x": 0, "y": 0}, "source": {"file": "doc-10.9", "pageStart": 1, "pageEnd": 1}}, {"id": "9", "name": "rejects", "entity": {"name": "activity", "description": "", "aspect": {"name": "", "textColor": {"r": 0, "g": 0, "b": 0, "hex": "#000000"}, "shapeColor": {"r": 0, "g": 0, "b": 0, "hex": "#000000"}, "shape": "rectangle"}, "position": {"x": 0, "y": 0}}, "position": {"x": 0, "y": 0}, "source": {"file": "doc-10.9", "pageStart": 1, "pageEnd": 1}}, {"id": "10", "name": "or", "entity": {"name": "xor gateway", "description": "", "aspect": {"name": "", "textColor": {"r": 0, "g": 0, "b": 0, "hex": "#000000"}, "shapeColor": {"r": 0, "g": 0, "b": 0, "hex": "#000000"}, "shape": "rectangle"}, "position": {"x": 0, "y": 0}}, "position": {"x": 0, "y": 0}, "source": {"file": "doc-10.9", "pageStart": 1, "pageEnd": 1}}, {"id": "11", "name": "confirmes", "entity": {"name": "activity", "description": "", "aspect": {"name": "", "textColor": {"r": 0, "g": 0, "b": 0, "hex": "#000000"}, "shapeColor": {"r": 0, "g": 0, "b": 0, "hex": "#000000"}, "shape": "rectangle"}, "position": {"x": 0, "y": 0}}, "position": {"x": 0, "y": 0}, "source": {"file": "doc-10.9", "pageStart": 1, "pageEnd": 1}}, {"id": "12", "name": "performs", "entity": {"name": "activity", "description": "", "aspect": {"name": "", "textColor": {"r": 0, "g": 0, "b": 0, "hex": "#000000"}, "shapeColor": {"r": 0, "g": 0, "b": 0, "hex": "#000000"}, "shape": "rectangle"}, "position": {"x": 0, "y": 0}}, "position": {"x": 0, "y": 0}, "source": {"file": "doc-10.9", "pageStart": 1, "pageEnd": 1}}, {"id": "13", "name": "the measuring point change", "entity": {"name": "activity data", "description": "", "aspect": {"name": "", "textColor": {"r": 0, "g": 0, "b": 0, "hex": "#000000"}, "shapeColor": {"r": 0, "g": 0, "b": 0, "hex": "#000000"}, "shape": "rectangle"}, "position": {"x": 0, "y": 0}}, "position": {"x": 0, "y": 0}, "source": {"file": "doc-10.9", "pageStart": 1, "pageEnd": 1}}, {"id": "14", "name": "reports", "entity": {"name": "activity", "description": "", "aspect": {"name": "", "textColor": {"r": 0, "g": 0, "b": 0, "hex": "#000000"}, "shapeColor": {"r": 0, "g": 0, "b": 0, "hex": "#000000"}, "shape": "rectangle"}, "position": {"x": 0, "y": 0}}, "position": {"x": 0, "y": 0}, "source": {"file": "doc-10.9", "pageStart": 1, "pageEnd": 1}}, {"id": "15", "name": "the implementation", "entity": {"name": "activity data", "description": "", "aspect": {"name": "", "textColor": {"r": 0, "g": 0, "b": 0, "hex": "#000000"}, "shapeColor": {"r": 0, "g": 0, "b": 0, "hex": "#000000"}, "shape": "rectangle"}, "position": {"x": 0, "y": 0}}, "position": {"x": 0, "y": 0}, "source": {"file": "doc-10.9", "pageStart": 1, "pageEnd": 1}}, {"id": "16", "name": "or", "entity": {"name": "xor gateway", "description": "", "aspect": {"name": "", "textColor": {"r": 0, "g": 0, "b": 0, "hex": "#000000"}, "shapeColor": {"r": 0, "g": 0, "b": 0, "hex": "#000000"}, "shape": "rectangle"}, "position": {"x": 0, "y": 0}}, "position": {"x": 0, "y": 0}, "source": {"file": "doc-10.9", "pageStart": 1, "pageEnd": 1}}, {"id": "17", "name": "notifies", "entity": {"name": "activity", "description": "", "aspect": {"name": "", "textColor": {"r": 0, "g": 0, "b": 0, "hex": "#000000"}, "shapeColor": {"r": 0, "g": 0, "b": 0, "hex": "#000000"}, "shape": "rectangle"}, "position": {"x": 0, "y": 0}}, "position": {"x": 0, "y": 0}, "source": {"file": "doc-10.9", "pageStart": 1, "pageEnd": 1}}, {"id": "18", "name": "about the failure of the changes", "entity": {"name": "activity data", "description": "", "aspect": {"name": "", "textColor": {"r": 0, "g": 0, "b": 0, "hex": "#000000"}, "shapeColor": {"r": 0, "g": 0, "b": 0, "hex": "#000000"}, "shape": "rectangle"}, "position": {"x": 0, "y": 0}}, "position": {"x": 0, "y": 0}, "source": {"file": "doc-10.9", "pageStart": 1, "pageEnd": 1}}], "edges": [{"id": "0", "source": {"id": "1", "name": "request", "entity": {"name": "activity", "description": "", "aspect": {"name": "", "textColor": {"r": 0, "g": 0, "b": 0, "hex": "#000000"}, "shapeColor": {"r": 0, "g": 0, "b": 0, "hex": "#000000"}, "shape": "rectangle"}, "position": {"x": 0, "y": 0}}, "position": {"x": 0, "y": 0}, "source": {"file": "doc-10.9", "pageStart": 1, "pageEnd": 1}}, "target": {"id": "2", "name": "changes", "entity": {"name": "activity data", "description": "", "aspect": {"name": "", "textColor": {"r": 0, "g": 0, "b": 0, "hex": "#000000"}, "shapeColor": {"r": 0, "g": 0, "b": 0, "hex": "#000000"}, "shape": "rectangle"}, "position": {"x": 0, "y": 0}}, "position": {"x": 0, "y": 0}, "source": {"file": "doc-10.9", "pageStart": 1, "pageEnd": 1}}, "type": "uses"}, {"id": "1", "source": {"id": "1", "name": "request", "entity": {"name": "activity", "description": "", "aspect": {"name": "", "textColor": {"r": 0, "g": 0, "b": 0, "hex": "#000000"}, "shapeColor": {"r": 0, "g": 0, "b": 0, "hex": "#000000"}, "shape": "rectangle"}, "position": {"x": 0, "y": 0}}, "position": {"x": 0, "y": 0}, "source": {"file": "doc-10.9", "pageStart": 1, "pageEnd": 1}}, "target": {"id": "3", "name": "the MPO", "entity": {"name": "actor", "description": "", "aspect": {"name": "", "textColor": {"r": 0, "g": 0, "b": 0, "hex": "#000000"}, "shapeColor": {"r": 0, "g": 0, "b": 0, "hex": "#000000"}, "shape": "rectangle"}, "position": {"x": 0, "y": 0}}, "position": {"x": 0, "y": 0}, "source": {"file": "doc-10.9", "pageStart": 1, "pageEnd": 1}}, "type": "actor recipient"}, {"id": "2", "source": {"id": "1", "name": "request", "entity": {"name": "activity", "description": "", "aspect": {"name": "", "textColor": {"r": 0, "g": 0, "b": 0, "hex": "#000000"}, "shapeColor": {"r": 0, "g": 0, "b": 0, "hex": "#000000"}, "shape": "rectangle"}, "position": {"x": 0, "y": 0}}, "position": {"x": 0, "y": 0}, "source": {"file": "doc-10.9", "pageStart": 1, "pageEnd": 1}}, "target": {"id": "0", "name": "The SP / PU / GO", "entity": {"name": "actor", "description": "", "aspect": {"name": "", "textColor": {"r": 0, "g": 0, "b": 0, "hex": "#000000"}, "shapeColor": {"r": 0, "g": 0, "b": 0, "hex": "#000000"}, "shape": "rectangle"}, "position": {"x": 0, "y": 0}}, "position": {"x": 0, "y": 0}, "source": {"file": "doc-10.9", "pageStart": 1, "pageEnd": 1}}, "type": "actor performer"}, {"id": "3", "source": {"id": "1", "name": "request", "entity": {"name": "activity", "description": "", "aspect": {"name": "", "textColor": {"r": 0, "g": 0, "b": 0, "hex": "#000000"}, "shapeColor": {"r": 0, "g": 0, "b": 0, "hex": "#000000"}, "shape": "rectangle"}, "position": {"x": 0, "y": 0}}, "position": {"x": 0, "y": 0}, "source": {"file": "doc-10.9", "pageStart": 1, "pageEnd": 1}}, "target": {"id": "7", "name": "reviews", "entity": {"name": "activity", "description": "", "aspect": {"name": "", "textColor": {"r": 0, "g": 0, "b": 0, "hex": "#000000"}, "shapeColor": {"r": 0, "g": 0, "b": 0, "hex": "#000000"}, "shape": "rectangle"}, "position": {"x": 0, "y": 0}}, "position": {"x": 0, "y": 0}, "source": {"file": "doc-10.9", "pageStart": 1, "pageEnd": 1}}, "type": "flow"}, {"id": "4", "source": {"id": "4", "name": "or", "entity": {"name": "xor gateway", "description": "", "aspect": {"name": "", "textColor": {"r": 0, "g": 0, "b": 0, "hex": "#000000"}, "shapeColor": {"r": 0, "g": 0, "b": 0, "hex": "#000000"}, "shape": "rectangle"}, "position": {"x": 0, "y": 0}}, "position": {"x": 0, "y": 0}, "source": {"file": "doc-10.9", "pageStart": 1, "pageEnd": 1}}, "target": {"id": "5", "name": "causes", "entity": {"name": "activity", "description": "", "aspect": {"name": "", "textColor": {"r": 0, "g": 0, "b": 0, "hex": "#000000"}, "shapeColor": {"r": 0, "g": 0, "b": 0, "hex": "#000000"}, "shape": "rectangle"}, "position": {"x": 0, "y": 0}}, "position": {"x": 0, "y": 0}, "source": {"file": "doc-10.9", "pageStart": 1, "pageEnd": 1}}, "type": "flow"}, {"id": "5", "source": {"id": "4", "name": "or", "entity": {"name": "xor gateway", "description": "", "aspect": {"name": "", "textColor": {"r": 0, "g": 0, "b": 0, "hex": "#000000"}, "shapeColor": {"r": 0, "g": 0, "b": 0, "hex": "#000000"}, "shape": "rectangle"}, "position": {"x": 0, "y": 0}}, "position": {"x": 0, "y": 0}, "source": {"file": "doc-10.9", "pageStart": 1, "pageEnd": 1}}, "target": {"id": "1", "name": "request", "entity": {"name": "activity", "description": "", "aspect": {"name": "", "textColor": {"r": 0, "g": 0, "b": 0, "hex": "#000000"}, "shapeColor": {"r": 0, "g": 0, "b": 0, "hex": "#000000"}, "shape": "rectangle"}, "position": {"x": 0, "y": 0}}, "position": {"x": 0, "y": 0}, "source": {"file": "doc-10.9", "pageStart": 1, "pageEnd": 1}}, "type": "flow"}, {"id": "6", "source": {"id": "5", "name": "causes", "entity": {"name": "activity", "description": "", "aspect": {"name": "", "textColor": {"r": 0, "g": 0, "b": 0, "hex": "#000000"}, "shapeColor": {"r": 0, "g": 0, "b": 0, "hex": "#000000"}, "shape": "rectangle"}, "position": {"x": 0, "y": 0}}, "position": {"x": 0, "y": 0}, "source": {"file": "doc-10.9", "pageStart": 1, "pageEnd": 1}}, "target": {"id": "6", "name": "a change", "entity": {"name": "activity data", "description": "", "aspect": {"name": "", "textColor": {"r": 0, "g": 0, "b": 0, "hex": "#000000"}, "shapeColor": {"r": 0, "g": 0, "b": 0, "hex": "#000000"}, "shape": "rectangle"}, "position": {"x": 0, "y": 0}}, "position": {"x": 0, "y": 0}, "source": {"file": "doc-10.9", "pageStart": 1, "pageEnd": 1}}, "type": "uses"}, {"id": "7", "source": {"id": "5", "name": "causes", "entity": {"name": "activity", "description": "", "aspect": {"name": "", "textColor": {"r": 0, "g": 0, "b": 0, "hex": "#000000"}, "shapeColor": {"r": 0, "g": 0, "b": 0, "hex": "#000000"}, "shape": "rectangle"}, "position": {"x": 0, "y": 0}}, "position": {"x": 0, "y": 0}, "source": {"file": "doc-10.9", "pageStart": 1, "pageEnd": 1}}, "target": {"id": "3", "name": "the MPO", "entity": {"name": "actor", "description": "", "aspect": {"name": "", "textColor": {"r": 0, "g": 0, "b": 0, "hex": "#000000"}, "shapeColor": {"r": 0, "g": 0, "b": 0, "hex": "#000000"}, "shape": "rectangle"}, "position": {"x": 0, "y": 0}}, "position": {"x": 0, "y": 0}, "source": {"file": "doc-10.9", "pageStart": 1, "pageEnd": 1}}, "type": "actor performer"}, {"id": "8", "source": {"id": "5", "name": "causes", "entity": {"name": "activity", "description": "", "aspect": {"name": "", "textColor": {"r": 0, "g": 0, "b": 0, "hex": "#000000"}, "shapeColor": {"r": 0, "g": 0, "b": 0, "hex": "#000000"}, "shape": "rectangle"}, "position": {"x": 0, "y": 0}}, "position": {"x": 0, "y": 0}, "source": {"file": "doc-10.9", "pageStart": 1, "pageEnd": 1}}, "target": {"id": "7", "name": "reviews", "entity": {"name": "activity", "description": "", "aspect": {"name": "", "textColor": {"r": 0, "g": 0, "b": 0, "hex": "#000000"}, "shapeColor": {"r": 0, "g": 0, "b": 0, "hex": "#000000"}, "shape": "rectangle"}, "position": {"x": 0, "y": 0}}, "position": {"x": 0, "y": 0}, "source": {"file": "doc-10.9", "pageStart": 1, "pageEnd": 1}}, "type": "flow"}, {"id": "9", "source": {"id": "7", "name": "reviews", "entity": {"name": "activity", "description": "", "aspect": {"name": "", "textColor": {"r": 0, "g": 0, "b": 0, "hex": "#000000"}, "shapeColor": {"r": 0, "g": 0, "b": 0, "hex": "#000000"}, "shape": "rectangle"}, "position": {"x": 0, "y": 0}}, "position": {"x": 0, "y": 0}, "source": {"file": "doc-10.9", "pageStart": 1, "pageEnd": 1}}, "target": {"id": "8", "name": "the change of the measuring point by the SP / PU / GO", "entity": {"name": "activity data", "description": "", "aspect": {"name": "", "textColor": {"r": 0, "g": 0, "b": 0, "hex": "#000000"}, "shapeColor": {"r": 0, "g": 0, "b": 0, "hex": "#000000"}, "shape": "rectangle"}, "position": {"x": 0, "y": 0}}, "position": {"x": 0, "y": 0}, "source": {"file": "doc-10.9", "pageStart": 1, "pageEnd": 1}}, "type": "uses"}, {"id": "10", "source": {"id": "7", "name": "reviews", "entity": {"name": "activity", "description": "", "aspect": {"name": "", "textColor": {"r": 0, "g": 0, "b": 0, "hex": "#000000"}, "shapeColor": {"r": 0, "g": 0, "b": 0, "hex": "#000000"}, "shape": "rectangle"}, "position": {"x": 0, "y": 0}}, "position": {"x": 0, "y": 0}, "source": {"file": "doc-10.9", "pageStart": 1, "pageEnd": 1}}, "target": {"id": "3", "name": "the MPO", "entity": {"name": "actor", "description": "", "aspect": {"name": "", "textColor": {"r": 0, "g": 0, "b": 0, "hex": "#000000"}, "shapeColor": {"r": 0, "g": 0, "b": 0, "hex": "#000000"}, "shape": "rectangle"}, "position": {"x": 0, "y": 0}}, "position": {"x": 0, "y": 0}, "source": {"file": "doc-10.9", "pageStart": 1, "pageEnd": 1}}, "type": "actor performer"}, {"id": "11", "source": {"id": "7", "name": "reviews", "entity": {"name": "activity", "description": "", "aspect": {"name": "", "textColor": {"r": 0, "g": 0, "b": 0, "hex": "#000000"}, "shapeColor": {"r": 0, "g": 0, "b": 0, "hex": "#000000"}, "shape": "rectangle"}, "position": {"x": 0, "y": 0}}, "position": {"x": 0, "y": 0}, "source": {"file": "doc-10.9", "pageStart": 1, "pageEnd": 1}}, "target": {"id": "10", "name": "or", "entity": {"name": "xor gateway", "description": "", "aspect": {"name": "", "textColor": {"r": 0, "g": 0, "b": 0, "hex": "#000000"}, "shapeColor": {"r": 0, "g": 0, "b": 0, "hex": "#000000"}, "shape": "rectangle"}, "position": {"x": 0, "y": 0}}, "position": {"x": 0, "y": 0}, "source": {"file": "doc-10.9", "pageStart": 1, "pageEnd": 1}}, "type": "flow"}, {"id": "12", "source": {"id": "9", "name": "rejects", "entity": {"name": "activity", "description": "", "aspect": {"name": "", "textColor": {"r": 0, "g": 0, "b": 0, "hex": "#000000"}, "shapeColor": {"r": 0, "g": 0, "b": 0, "hex": "#000000"}, "shape": "rectangle"}, "position": {"x": 0, "y": 0}}, "position": {"x": 0, "y": 0}, "source": {"file": "doc-10.9", "pageStart": 1, "pageEnd": 1}}, "target": {"id": "8", "name": "the change of the measuring point by the SP / PU / GO", "entity": {"name": "activity data", "description": "", "aspect": {"name": "", "textColor": {"r": 0, "g": 0, "b": 0, "hex": "#000000"}, "shapeColor": {"r": 0, "g": 0, "b": 0, "hex": "#000000"}, "shape": "rectangle"}, "position": {"x": 0, "y": 0}}, "position": {"x": 0, "y": 0}, "source": {"file": "doc-10.9", "pageStart": 1, "pageEnd": 1}}, "type": "uses"}, {"id": "13", "source": {"id": "9", "name": "rejects", "entity": {"name": "activity", "description": "", "aspect": {"name": "", "textColor": {"r": 0, "g": 0, "b": 0, "hex": "#000000"}, "shapeColor": {"r": 0, "g": 0, "b": 0, "hex": "#000000"}, "shape": "rectangle"}, "position": {"x": 0, "y": 0}}, "position": {"x": 0, "y": 0}, "source": {"file": "doc-10.9", "pageStart": 1, "pageEnd": 1}}, "target": {"id": "3", "name": "the MPO", "entity": {"name": "actor", "description": "", "aspect": {"name": "", "textColor": {"r": 0, "g": 0, "b": 0, "hex": "#000000"}, "shapeColor": {"r": 0, "g": 0, "b": 0, "hex": "#000000"}, "shape": "rectangle"}, "position": {"x": 0, "y": 0}}, "position": {"x": 0, "y": 0}, "source": {"file": "doc-10.9", "pageStart": 1, "pageEnd": 1}}, "type": "actor performer"}, {"id": "14", "source": {"id": "10", "name": "or", "entity": {"name": "xor gateway", "description": "", "aspect": {"name": "", "textColor": {"r": 0, "g": 0, "b": 0, "hex": "#000000"}, "shapeColor": {"r": 0, "g": 0, "b": 0, "hex": "#000000"}, "shape": "rectangle"}, "position": {"x": 0, "y": 0}}, "position": {"x": 0, "y": 0}, "source": {"file": "doc-10.9", "pageStart": 1, "pageEnd": 1}}, "target": {"id": "9", "name": "rejects", "entity": {"name": "activity", "description": "", "aspect": {"name": "", "textColor": {"r": 0, "g": 0, "b": 0, "hex": "#000000"}, "shapeColor": {"r": 0, "g": 0, "b": 0, "hex": "#000000"}, "shape": "rectangle"}, "position": {"x": 0, "y": 0}}, "position": {"x": 0, "y": 0}, "source": {"file": "doc-10.9", "pageStart": 1, "pageEnd": 1}}, "type": "flow"}, {"id": "15", "source": {"id": "10", "name": "or", "entity": {"name": "xor gateway", "description": "", "aspect": {"name": "", "textColor": {"r": 0, "g": 0, "b": 0, "hex": "#000000"}, "shapeColor": {"r": 0, "g": 0, "b": 0, "hex": "#000000"}, "shape": "rectangle"}, "position": {"x": 0, "y": 0}}, "position": {"x": 0, "y": 0}, "source": {"file": "doc-10.9", "pageStart": 1, "pageEnd": 1}}, "target": {"id": "11", "name": "confirmes", "entity": {"name": "activity", "description": "", "aspect": {"name": "", "textColor": {"r": 0, "g": 0, "b": 0, "hex": "#000000"}, "shapeColor": {"r": 0, "g": 0, "b": 0, "hex": "#000000"}, "shape": "rectangle"}, "position": {"x": 0, "y": 0}}, "position": {"x": 0, "y": 0}, "source": {"file": "doc-10.9", "pageStart": 1, "pageEnd": 1}}, "type": "flow"}, {"id": "16", "source": {"id": "11", "name": "confirmes", "entity": {"name": "activity", "description": "", "aspect": {"name": "", "textColor": {"r": 0, "g": 0, "b": 0, "hex": "#000000"}, "shapeColor": {"r": 0, "g": 0, "b": 0, "hex": "#000000"}, "shape": "rectangle"}, "position": {"x": 0, "y": 0}}, "position": {"x": 0, "y": 0}, "source": {"file": "doc-10.9", "pageStart": 1, "pageEnd": 1}}, "target": {"id": "8", "name": "the change of the measuring point by the SP / PU / GO", "entity": {"name": "activity data", "description": "", "aspect": {"name": "", "textColor": {"r": 0, "g": 0, "b": 0, "hex": "#000000"}, "shapeColor": {"r": 0, "g": 0, "b": 0, "hex": "#000000"}, "shape": "rectangle"}, "position": {"x": 0, "y": 0}}, "position": {"x": 0, "y": 0}, "source": {"file": "doc-10.9", "pageStart": 1, "pageEnd": 1}}, "type": "uses"}, {"id": "17", "source": {"id": "11", "name": "confirmes", "entity": {"name": "activity", "description": "", "aspect": {"name": "", "textColor": {"r": 0, "g": 0, "b": 0, "hex": "#000000"}, "shapeColor": {"r": 0, "g": 0, "b": 0, "hex": "#000000"}, "shape": "rectangle"}, "position": {"x": 0, "y": 0}}, "position": {"x": 0, "y": 0}, "source": {"file": "doc-10.9", "pageStart": 1, "pageEnd": 1}}, "target": {"id": "3", "name": "the MPO", "entity": {"name": "actor", "description": "", "aspect": {"name": "", "textColor": {"r": 0, "g": 0, "b": 0, "hex": "#000000"}, "shapeColor": {"r": 0, "g": 0, "b": 0, "hex": "#000000"}, "shape": "rectangle"}, "position": {"x": 0, "y": 0}}, "position": {"x": 0, "y": 0}, "source": {"file": "doc-10.9", "pageStart": 1, "pageEnd": 1}}, "type": "actor performer"}, {"id": "18", "source": {"id": "11", "name": "confirmes", "entity": {"name": "activity", "description": "", "aspect": {"name": "", "textColor": {"r": 0, "g": 0, "b": 0, "hex": "#000000"}, "shapeColor": {"r": 0, "g": 0, "b": 0, "hex": "#000000"}, "shape": "rectangle"}, "position": {"x": 0, "y": 0}}, "position": {"x": 0, "y": 0}, "source": {"file": "doc-10.9", "pageStart": 1, "pageEnd": 1}}, "target": {"id": "12", "name": "performs", "entity": {"name": "activity", "description": "", "aspect": {"name": "", "textColor": {"r": 0, "g": 0, "b": 0, "hex": "#000000"}, "shapeColor": {"r": 0, "g": 0, "b": 0, "hex": "#000000"}, "shape": "rectangle"}, "position": {"x": 0, "y": 0}}, "position": {"x": 0, "y": 0}, "source": {"file": "doc-10.9", "pageStart": 1, "pageEnd": 1}}, "type": "flow"}, {"id": "19", "source": {"id": "12", "name": "performs", "entity": {"name": "activity", "description": "", "aspect": {"name": "", "textColor": {"r": 0, "g": 0, "b": 0, "hex": "#000000"}, "shapeColor": {"r": 0, "g": 0, "b": 0, "hex": "#000000"}, "shape": "rectangle"}, "position": {"x": 0, "y": 0}}, "position": {"x": 0, "y": 0}, "source": {"file": "doc-10.9", "pageStart": 1, "pageEnd": 1}}, "target": {"id": "13", "name": "the measuring point change", "entity": {"name": "activity data", "description": "", "aspect": {"name": "", "textColor": {"r": 0, "g": 0, "b": 0, "hex": "#000000"}, "shapeColor": {"r": 0, "g": 0, "b": 0, "hex": "#000000"}, "shape": "rectangle"}, "position": {"x": 0, "y": 0}}, "position": {"x": 0, "y": 0}, "source": {"file": "doc-10.9", "pageStart": 1, "pageEnd": 1}}, "type": "uses"}, {"id": "20", "source": {"id": "12", "name": "performs", "entity": {"name": "activity", "description": "", "aspect": {"name": "", "textColor": {"r": 0, "g": 0, "b": 0, "hex": "#000000"}, "shapeColor": {"r": 0, "g": 0, "b": 0, "hex": "#000000"}, "shape": "rectangle"}, "position": {"x": 0, "y": 0}}, "position": {"x": 0, "y": 0}, "source": {"file": "doc-10.9", "pageStart": 1, "pageEnd": 1}}, "target": {"id": "3", "name": "the MPO", "entity": {"name": "actor", "description": "", "aspect": {"name": "", "textColor": {"r": 0, "g": 0, "b": 0, "hex": "#000000"}, "shapeColor": {"r": 0, "g": 0, "b": 0, "hex": "#000000"}, "shape": "rectangle"}, "position": {"x": 0, "y": 0}}, "position": {"x": 0, "y": 0}, "source": {"file": "doc-10.9", "pageStart": 1, "pageEnd": 1}}, "type": "actor performer"}, {"id": "21", "source": {"id": "12", "name": "performs", "entity": {"name": "activity", "description": "", "aspect": {"name": "", "textColor": {"r": 0, "g": 0, "b": 0, "hex": "#000000"}, "shapeColor": {"r": 0, "g": 0, "b": 0, "hex": "#000000"}, "shape": "rectangle"}, "position": {"x": 0, "y": 0}}, "position": {"x": 0, "y": 0}, "source": {"file": "doc-10.9", "pageStart": 1, "pageEnd": 1}}, "target": {"id": "16", "name": "or", "entity": {"name": "xor gateway", "description": "", "aspect": {"name": "", "textColor": {"r": 0, "g": 0, "b": 0, "hex": "#000000"}, "shapeColor": {"r": 0, "g": 0, "b": 0, "hex": "#000000"}, "shape": "rectangle"}, "position": {"x": 0, "y": 0}}, "position": {"x": 0, "y": 0}, "source": {"file": "doc-10.9", "pageStart": 1, "pageEnd": 1}}, "type": "flow"}, {"id": "22", "source": {"id": "14", "name": "reports", "entity": {"name": "activity", "description": "", "aspect": {"name": "", "textColor": {"r": 0, "g": 0, "b": 0, "hex": "#000000"}, "shapeColor": {"r": 0, "g": 0, "b": 0, "hex": "#000000"}, "shape": "rectangle"}, "position": {"x": 0, "y": 0}}, "position": {"x": 0, "y": 0}, "source": {"file": "doc-10.9", "pageStart": 1, "pageEnd": 1}}, "target": {"id": "15", "name": "the implementation", "entity": {"name": "activity data", "description": "", "aspect": {"name": "", "textColor": {"r": 0, "g": 0, "b": 0, "hex": "#000000"}, "shapeColor": {"r": 0, "g": 0, "b": 0, "hex": "#000000"}, "shape": "rectangle"}, "position": {"x": 0, "y": 0}}, "position": {"x": 0, "y": 0}, "source": {"file": "doc-10.9", "pageStart": 1, "pageEnd": 1}}, "type": "uses"}, {"id": "23", "source": {"id": "14", "name": "reports", "entity": {"name": "activity", "description": "", "aspect": {"name": "", "textColor": {"r": 0, "g": 0, "b": 0, "hex": "#000000"}, "shapeColor": {"r": 0, "g": 0, "b": 0, "hex": "#000000"}, "shape": "rectangle"}, "position": {"x": 0, "y": 0}}, "position": {"x": 0, "y": 0}, "source": {"file": "doc-10.9", "pageStart": 1, "pageEnd": 1}}, "target": {"id": "3", "name": "the MPO", "entity": {"name": "actor", "description": "", "aspect": {"name": "", "textColor": {"r": 0, "g": 0, "b": 0, "hex": "#000000"}, "shapeColor": {"r": 0, "g": 0, "b": 0, "hex": "#000000"}, "shape": "rectangle"}, "position": {"x": 0, "y": 0}}, "position": {"x": 0, "y": 0}, "source": {"file": "doc-10.9", "pageStart": 1, "pageEnd": 1}}, "type": "actor performer"}, {"id": "24", "source": {"id": "14", "name": "reports", "entity": {"name": "activity", "description": "", "aspect": {"name": "", "textColor": {"r": 0, "g": 0, "b": 0, "hex": "#000000"}, "shapeColor": {"r": 0, "g": 0, "b": 0, "hex": "#000000"}, "shape": "rectangle"}, "position": {"x": 0, "y": 0}}, "position": {"x": 0, "y": 0}, "source": {"file": "doc-10.9", "pageStart": 1, "pageEnd": 1}}, "target": {"id": "0", "name": "The SP / PU / GO", "entity": {"name": "actor", "description": "", "aspect": {"name": "", "textColor": {"r": 0, "g": 0, "b": 0, "hex": "#000000"}, "shapeColor": {"r": 0, "g": 0, "b": 0, "hex": "#000000"}, "shape": "rectangle"}, "position": {"x": 0, "y": 0}}, "position": {"x": 0, "y": 0}, "source": {"file": "doc-10.9", "pageStart": 1, "pageEnd": 1}}, "type": "actor recipient"}, {"id": "25", "source": {"id": "16", "name": "or", "entity": {"name": "xor gateway", "description": "", "aspect": {"name": "", "textColor": {"r": 0, "g": 0, "b": 0, "hex": "#000000"}, "shapeColor": {"r": 0, "g": 0, "b": 0, "hex": "#000000"}, "shape": "rectangle"}, "position": {"x": 0, "y": 0}}, "position": {"x": 0, "y": 0}, "source": {"file": "doc-10.9", "pageStart": 1, "pageEnd": 1}}, "target": {"id": "14", "name": "reports", "entity": {"name": "activity", "description": "", "aspect": {"name": "", "textColor": {"r": 0, "g": 0, "b": 0, "hex": "#000000"}, "shapeColor": {"r": 0, "g": 0, "b": 0, "hex": "#000000"}, "shape": "rectangle"}, "position": {"x": 0, "y": 0}}, "position": {"x": 0, "y": 0}, "source": {"file": "doc-10.9", "pageStart": 1, "pageEnd": 1}}, "type": "flow"}, {"id": "26", "source": {"id": "16", "name": "or", "entity": {"name": "xor gateway", "description": "", "aspect": {"name": "", "textColor": {"r": 0, "g": 0, "b": 0, "hex": "#000000"}, "shapeColor": {"r": 0, "g": 0, "b": 0, "hex": "#000000"}, "shape": "rectangle"}, "position": {"x": 0, "y": 0}}, "position": {"x": 0, "y": 0}, "source": {"file": "doc-10.9", "pageStart": 1, "pageEnd": 1}}, "target": {"id": "17", "name": "notifies", "entity": {"name": "activity", "description": "", "aspect": {"name": "", "textColor": {"r": 0, "g": 0, "b": 0, "hex": "#000000"}, "shapeColor": {"r": 0, "g": 0, "b": 0, "hex": "#000000"}, "shape": "rectangle"}, "position": {"x": 0, "y": 0}}, "position": {"x": 0, "y": 0}, "source": {"file": "doc-10.9", "pageStart": 1, "pageEnd": 1}}, "type": "flow"}, {"id": "27", "source": {"id": "17", "name": "notifies", "entity": {"name": "activity", "description": "", "aspect": {"name": "", "textColor": {"r": 0, "g": 0, "b": 0, "hex": "#000000"}, "shapeColor": {"r": 0, "g": 0, "b": 0, "hex": "#000000"}, "shape": "rectangle"}, "position": {"x": 0, "y": 0}}, "position": {"x": 0, "y": 0}, "source": {"file": "doc-10.9", "pageStart": 1, "pageEnd": 1}}, "target": {"id": "18", "name": "about the failure of the changes", "entity": {"name": "activity data", "description": "", "aspect": {"name": "", "textColor": {"r": 0, "g": 0, "b": 0, "hex": "#000000"}, "shapeColor": {"r": 0, "g": 0, "b": 0, "hex": "#000000"}, "shape": "rectangle"}, "position": {"x": 0, "y": 0}}, "position": {"x": 0, "y": 0}, "source": {"file": "doc-10.9", "pageStart": 1, "pageEnd": 1}}, "type": "uses"}, {"id": "28", "source": {"id": "17", "name": "notifies", "entity": {"name": "activity", "description": "", "aspect": {"name": "", "textColor": {"r": 0, "g": 0, "b": 0, "hex": "#000000"}, "shapeColor": {"r": 0, "g": 0, "b": 0, "hex": "#000000"}, "shape": "rectangle"}, "position": {"x": 0, "y": 0}}, "position": {"x": 0, "y": 0}, "source": {"file": "doc-10.9", "pageStart": 1, "pageEnd": 1}}, "target": {"id": "0", "name": "The SP / PU / GO", "entity": {"name": "actor", "description": "", "aspect": {"name": "", "textColor": {"r": 0, "g": 0, "b": 0, "hex": "#000000"}, "shapeColor": {"r": 0, "g": 0, "b": 0, "hex": "#000000"}, "shape": "rectangle"}, "position": {"x": 0, "y": 0}}, "position": {"x": 0, "y": 0}, "source": {"file": "doc-10.9", "pageStart": 1, "pageEnd": 1}}, "type": "actor recipient"}, {"id": "29", "source": {"id": "17", "name": "notifies", "entity": {"name": "activity", "description": "", "aspect": {"name": "", "textColor": {"r": 0, "g": 0, "b": 0, "hex": "#000000"}, "shapeColor": {"r": 0, "g": 0, "b": 0, "hex": "#000000"}, "shape": "rectangle"}, "position": {"x": 0, "y": 0}}, "position": {"x": 0, "y": 0}, "source": {"file": "doc-10.9", "pageStart": 1, "pageEnd": 1}}, "target": {"id": "3", "name": "the MPO", "entity": {"name": "actor", "description": "", "aspect": {"name": "", "textColor": {"r": 0, "g": 0, "b": 0, "hex": "#000000"}, "shapeColor": {"r": 0, "g": 0, "b": 0, "hex": "#000000"}, "shape": "rectangle"}, "position": {"x": 0, "y": 0}}, "position": {"x": 0, "y": 0}, "source": {"file": "doc-10.9", "pageStart": 1, "pageEnd": 1}}, "type": "actor performer"}]}