{"nodes": [{"id": "0", "name": "The Customer Service Representative", "entity": {"name": "actor", "description": "", "aspect": {"name": "", "textColor": {"r": 0, "g": 0, "b": 0, "hex": "#000000"}, "shapeColor": {"r": 0, "g": 0, "b": 0, "hex": "#000000"}, "shape": "rectangle"}, "position": {"x": 0, "y": 0}}, "position": {"x": 0, "y": 0}, "source": {"file": "doc-9.2", "pageStart": 1, "pageEnd": 1}}, {"id": "1", "name": "sends", "entity": {"name": "activity", "description": "", "aspect": {"name": "", "textColor": {"r": 0, "g": 0, "b": 0, "hex": "#000000"}, "shapeColor": {"r": 0, "g": 0, "b": 0, "hex": "#000000"}, "shape": "rectangle"}, "position": {"x": 0, "y": 0}}, "position": {"x": 0, "y": 0}, "source": {"file": "doc-9.2", "pageStart": 1, "pageEnd": 1}}, {"id": "2", "name": "a Mortgage offer", "entity": {"name": "activity data", "description": "", "aspect": {"name": "", "textColor": {"r": 0, "g": 0, "b": 0, "hex": "#000000"}, "shapeColor": {"r": 0, "g": 0, "b": 0, "hex": "#000000"}, "shape": "rectangle"}, "position": {"x": 0, "y": 0}}, "position": {"x": 0, "y": 0}, "source": {"file": "doc-9.2", "pageStart": 1, "pageEnd": 1}}, {"id": "3", "name": "the customer", "entity": {"name": "actor", "description": "", "aspect": {"name": "", "textColor": {"r": 0, "g": 0, "b": 0, "hex": "#000000"}, "shapeColor": {"r": 0, "g": 0, "b": 0, "hex": "#000000"}, "shape": "rectangle"}, "position": {"x": 0, "y": 0}}, "position": {"x": 0, "y": 0}, "source": {"file": "doc-9.2", "pageStart": 1, "pageEnd": 1}}, {"id": "4", "name": "waits for", "entity": {"name": "activity", "description": "", "aspect": {"name": "", "textColor": {"r": 0, "g": 0, "b": 0, "hex": "#000000"}, "shapeColor": {"r": 0, "g": 0, "b": 0, "hex": "#000000"}, "shape": "rectangle"}, "position": {"x": 0, "y": 0}}, "position": {"x": 0, "y": 0}, "source": {"file": "doc-9.2", "pageStart": 1, "pageEnd": 1}}, {"id": "5", "name": "a reply", "entity": {"name": "activity data", "description": "", "aspect": {"name": "", "textColor": {"r": 0, "g": 0, "b": 0, "hex": "#000000"}, "shapeColor": {"r": 0, "g": 0, "b": 0, "hex": "#000000"}, "shape": "rectangle"}, "position": {"x": 0, "y": 0}}, "position": {"x": 0, "y": 0}, "source": {"file": "doc-9.2", "pageStart": 1, "pageEnd": 1}}, {"id": "6", "name": "If", "entity": {"name": "xor gateway", "description": "", "aspect": {"name": "", "textColor": {"r": 0, "g": 0, "b": 0, "hex": "#000000"}, "shapeColor": {"r": 0, "g": 0, "b": 0, "hex": "#000000"}, "shape": "rectangle"}, "position": {"x": 0, "y": 0}}, "position": {"x": 0, "y": 0}, "source": {"file": "doc-9.2", "pageStart": 1, "pageEnd": 1}}, {"id": "7", "name": "the customer calls or writes back declining the mortgage", "entity": {"name": "condition specification", "description": "", "aspect": {"name": "", "textColor": {"r": 0, "g": 0, "b": 0, "hex": "#000000"}, "shapeColor": {"r": 0, "g": 0, "b": 0, "hex": "#000000"}, "shape": "rectangle"}, "position": {"x": 0, "y": 0}}, "position": {"x": 0, "y": 0}, "source": {"file": "doc-9.2", "pageStart": 1, "pageEnd": 1}}, {"id": "8", "name": "the case details", "entity": {"name": "activity data", "description": "", "aspect": {"name": "", "textColor": {"r": 0, "g": 0, "b": 0, "hex": "#000000"}, "shapeColor": {"r": 0, "g": 0, "b": 0, "hex": "#000000"}, "shape": "rectangle"}, "position": {"x": 0, "y": 0}}, "position": {"x": 0, "y": 0}, "source": {"file": "doc-9.2", "pageStart": 1, "pageEnd": 1}}, {"id": "9", "name": "updated", "entity": {"name": "activity", "description": "", "aspect": {"name": "", "textColor": {"r": 0, "g": 0, "b": 0, "hex": "#000000"}, "shapeColor": {"r": 0, "g": 0, "b": 0, "hex": "#000000"}, "shape": "rectangle"}, "position": {"x": 0, "y": 0}}, "position": {"x": 0, "y": 0}, "source": {"file": "doc-9.2", "pageStart": 1, "pageEnd": 1}}, {"id": "10", "name": "the work", "entity": {"name": "activity data", "description": "", "aspect": {"name": "", "textColor": {"r": 0, "g": 0, "b": 0, "hex": "#000000"}, "shapeColor": {"r": 0, "g": 0, "b": 0, "hex": "#000000"}, "shape": "rectangle"}, "position": {"x": 0, "y": 0}}, "position": {"x": 0, "y": 0}, "source": {"file": "doc-9.2", "pageStart": 1, "pageEnd": 1}}, {"id": "11", "name": "archived", "entity": {"name": "activity", "description": "", "aspect": {"name": "", "textColor": {"r": 0, "g": 0, "b": 0, "hex": "#000000"}, "shapeColor": {"r": 0, "g": 0, "b": 0, "hex": "#000000"}, "shape": "rectangle"}, "position": {"x": 0, "y": 0}}, "position": {"x": 0, "y": 0}, "source": {"file": "doc-9.2", "pageStart": 1, "pageEnd": 1}}, {"id": "12", "name": "cancellation", "entity": {"name": "activity", "description": "", "aspect": {"name": "", "textColor": {"r": 0, "g": 0, "b": 0, "hex": "#000000"}, "shapeColor": {"r": 0, "g": 0, "b": 0, "hex": "#000000"}, "shape": "rectangle"}, "position": {"x": 0, "y": 0}}, "position": {"x": 0, "y": 0}, "source": {"file": "doc-9.2", "pageStart": 1, "pageEnd": 1}}, {"id": "13", "name": "If", "entity": {"name": "xor gateway", "description": "", "aspect": {"name": "", "textColor": {"r": 0, "g": 0, "b": 0, "hex": "#000000"}, "shapeColor": {"r": 0, "g": 0, "b": 0, "hex": "#000000"}, "shape": "rectangle"}, "position": {"x": 0, "y": 0}}, "position": {"x": 0, "y": 0}, "source": {"file": "doc-9.2", "pageStart": 1, "pageEnd": 1}}, {"id": "14", "name": "the customer sends back the completed offer documents and attaches all prerequisite documents", "entity": {"name": "condition specification", "description": "", "aspect": {"name": "", "textColor": {"r": 0, "g": 0, "b": 0, "hex": "#000000"}, "shapeColor": {"r": 0, "g": 0, "b": 0, "hex": "#000000"}, "shape": "rectangle"}, "position": {"x": 0, "y": 0}}, "position": {"x": 0, "y": 0}, "source": {"file": "doc-9.2", "pageStart": 1, "pageEnd": 1}}, {"id": "15", "name": "the case", "entity": {"name": "activity data", "description": "", "aspect": {"name": "", "textColor": {"r": 0, "g": 0, "b": 0, "hex": "#000000"}, "shapeColor": {"r": 0, "g": 0, "b": 0, "hex": "#000000"}, "shape": "rectangle"}, "position": {"x": 0, "y": 0}}, "position": {"x": 0, "y": 0}, "source": {"file": "doc-9.2", "pageStart": 1, "pageEnd": 1}}, {"id": "16", "name": "moved", "entity": {"name": "activity", "description": "", "aspect": {"name": "", "textColor": {"r": 0, "g": 0, "b": 0, "hex": "#000000"}, "shapeColor": {"r": 0, "g": 0, "b": 0, "hex": "#000000"}, "shape": "rectangle"}, "position": {"x": 0, "y": 0}}, "position": {"x": 0, "y": 0}, "source": {"file": "doc-9.2", "pageStart": 1, "pageEnd": 1}}, {"id": "17", "name": "administration", "entity": {"name": "actor", "description": "", "aspect": {"name": "", "textColor": {"r": 0, "g": 0, "b": 0, "hex": "#000000"}, "shapeColor": {"r": 0, "g": 0, "b": 0, "hex": "#000000"}, "shape": "rectangle"}, "position": {"x": 0, "y": 0}}, "position": {"x": 0, "y": 0}, "source": {"file": "doc-9.2", "pageStart": 1, "pageEnd": 1}}, {"id": "18", "name": "If", "entity": {"name": "xor gateway", "description": "", "aspect": {"name": "", "textColor": {"r": 0, "g": 0, "b": 0, "hex": "#000000"}, "shapeColor": {"r": 0, "g": 0, "b": 0, "hex": "#000000"}, "shape": "rectangle"}, "position": {"x": 0, "y": 0}}, "position": {"x": 0, "y": 0}, "source": {"file": "doc-9.2", "pageStart": 1, "pageEnd": 1}}, {"id": "19", "name": "all pre-requisite documents are not provided", "entity": {"name": "condition specification", "description": "", "aspect": {"name": "", "textColor": {"r": 0, "g": 0, "b": 0, "hex": "#000000"}, "shapeColor": {"r": 0, "g": 0, "b": 0, "hex": "#000000"}, "shape": "rectangle"}, "position": {"x": 0, "y": 0}}, "position": {"x": 0, "y": 0}, "source": {"file": "doc-9.2", "pageStart": 1, "pageEnd": 1}}, {"id": "20", "name": "a message", "entity": {"name": "activity data", "description": "", "aspect": {"name": "", "textColor": {"r": 0, "g": 0, "b": 0, "hex": "#000000"}, "shapeColor": {"r": 0, "g": 0, "b": 0, "hex": "#000000"}, "shape": "rectangle"}, "position": {"x": 0, "y": 0}}, "position": {"x": 0, "y": 0}, "source": {"file": "doc-9.2", "pageStart": 1, "pageEnd": 1}}, {"id": "21", "name": "generated", "entity": {"name": "activity", "description": "", "aspect": {"name": "", "textColor": {"r": 0, "g": 0, "b": 0, "hex": "#000000"}, "shapeColor": {"r": 0, "g": 0, "b": 0, "hex": "#000000"}, "shape": "rectangle"}, "position": {"x": 0, "y": 0}}, "position": {"x": 0, "y": 0}, "source": {"file": "doc-9.2", "pageStart": 1, "pageEnd": 1}}, {"id": "22", "name": "requesting outstanding documents", "entity": {"name": "further specification", "description": "", "aspect": {"name": "", "textColor": {"r": 0, "g": 0, "b": 0, "hex": "#000000"}, "shapeColor": {"r": 0, "g": 0, "b": 0, "hex": "#000000"}, "shape": "rectangle"}, "position": {"x": 0, "y": 0}}, "position": {"x": 0, "y": 0}, "source": {"file": "doc-9.2", "pageStart": 1, "pageEnd": 1}}, {"id": "23", "name": "If", "entity": {"name": "xor gateway", "description": "", "aspect": {"name": "", "textColor": {"r": 0, "g": 0, "b": 0, "hex": "#000000"}, "shapeColor": {"r": 0, "g": 0, "b": 0, "hex": "#000000"}, "shape": "rectangle"}, "position": {"x": 0, "y": 0}}, "position": {"x": 0, "y": 0}, "source": {"file": "doc-9.2", "pageStart": 1, "pageEnd": 1}}, {"id": "24", "name": "no answer is received after 2 weeks", "entity": {"name": "condition specification", "description": "", "aspect": {"name": "", "textColor": {"r": 0, "g": 0, "b": 0, "hex": "#000000"}, "shapeColor": {"r": 0, "g": 0, "b": 0, "hex": "#000000"}, "shape": "rectangle"}, "position": {"x": 0, "y": 0}}, "position": {"x": 0, "y": 0}, "source": {"file": "doc-9.2", "pageStart": 1, "pageEnd": 1}}, {"id": "25", "name": "updated", "entity": {"name": "activity", "description": "", "aspect": {"name": "", "textColor": {"r": 0, "g": 0, "b": 0, "hex": "#000000"}, "shapeColor": {"r": 0, "g": 0, "b": 0, "hex": "#000000"}, "shape": "rectangle"}, "position": {"x": 0, "y": 0}}, "position": {"x": 0, "y": 0}, "source": {"file": "doc-9.2", "pageStart": 1, "pageEnd": 1}}, {"id": "26", "name": "archive", "entity": {"name": "activity", "description": "", "aspect": {"name": "", "textColor": {"r": 0, "g": 0, "b": 0, "hex": "#000000"}, "shapeColor": {"r": 0, "g": 0, "b": 0, "hex": "#000000"}, "shape": "rectangle"}, "position": {"x": 0, "y": 0}}, "position": {"x": 0, "y": 0}, "source": {"file": "doc-9.2", "pageStart": 1, "pageEnd": 1}}, {"id": "27", "name": "cancellation", "entity": {"name": "activity", "description": "", "aspect": {"name": "", "textColor": {"r": 0, "g": 0, "b": 0, "hex": "#000000"}, "shapeColor": {"r": 0, "g": 0, "b": 0, "hex": "#000000"}, "shape": "rectangle"}, "position": {"x": 0, "y": 0}}, "position": {"x": 0, "y": 0}, "source": {"file": "doc-9.2", "pageStart": 1, "pageEnd": 1}}], "edges": [{"id": "0", "source": {"id": "1", "name": "sends", "entity": {"name": "activity", "description": "", "aspect": {"name": "", "textColor": {"r": 0, "g": 0, "b": 0, "hex": "#000000"}, "shapeColor": {"r": 0, "g": 0, "b": 0, "hex": "#000000"}, "shape": "rectangle"}, "position": {"x": 0, "y": 0}}, "position": {"x": 0, "y": 0}, "source": {"file": "doc-9.2", "pageStart": 1, "pageEnd": 1}}, "target": {"id": "2", "name": "a Mortgage offer", "entity": {"name": "activity data", "description": "", "aspect": {"name": "", "textColor": {"r": 0, "g": 0, "b": 0, "hex": "#000000"}, "shapeColor": {"r": 0, "g": 0, "b": 0, "hex": "#000000"}, "shape": "rectangle"}, "position": {"x": 0, "y": 0}}, "position": {"x": 0, "y": 0}, "source": {"file": "doc-9.2", "pageStart": 1, "pageEnd": 1}}, "type": "uses"}, {"id": "1", "source": {"id": "1", "name": "sends", "entity": {"name": "activity", "description": "", "aspect": {"name": "", "textColor": {"r": 0, "g": 0, "b": 0, "hex": "#000000"}, "shapeColor": {"r": 0, "g": 0, "b": 0, "hex": "#000000"}, "shape": "rectangle"}, "position": {"x": 0, "y": 0}}, "position": {"x": 0, "y": 0}, "source": {"file": "doc-9.2", "pageStart": 1, "pageEnd": 1}}, "target": {"id": "0", "name": "The Customer Service Representative", "entity": {"name": "actor", "description": "", "aspect": {"name": "", "textColor": {"r": 0, "g": 0, "b": 0, "hex": "#000000"}, "shapeColor": {"r": 0, "g": 0, "b": 0, "hex": "#000000"}, "shape": "rectangle"}, "position": {"x": 0, "y": 0}}, "position": {"x": 0, "y": 0}, "source": {"file": "doc-9.2", "pageStart": 1, "pageEnd": 1}}, "type": "actor performer"}, {"id": "2", "source": {"id": "1", "name": "sends", "entity": {"name": "activity", "description": "", "aspect": {"name": "", "textColor": {"r": 0, "g": 0, "b": 0, "hex": "#000000"}, "shapeColor": {"r": 0, "g": 0, "b": 0, "hex": "#000000"}, "shape": "rectangle"}, "position": {"x": 0, "y": 0}}, "position": {"x": 0, "y": 0}, "source": {"file": "doc-9.2", "pageStart": 1, "pageEnd": 1}}, "target": {"id": "3", "name": "the customer", "entity": {"name": "actor", "description": "", "aspect": {"name": "", "textColor": {"r": 0, "g": 0, "b": 0, "hex": "#000000"}, "shapeColor": {"r": 0, "g": 0, "b": 0, "hex": "#000000"}, "shape": "rectangle"}, "position": {"x": 0, "y": 0}}, "position": {"x": 0, "y": 0}, "source": {"file": "doc-9.2", "pageStart": 1, "pageEnd": 1}}, "type": "actor recipient"}, {"id": "3", "source": {"id": "1", "name": "sends", "entity": {"name": "activity", "description": "", "aspect": {"name": "", "textColor": {"r": 0, "g": 0, "b": 0, "hex": "#000000"}, "shapeColor": {"r": 0, "g": 0, "b": 0, "hex": "#000000"}, "shape": "rectangle"}, "position": {"x": 0, "y": 0}}, "position": {"x": 0, "y": 0}, "source": {"file": "doc-9.2", "pageStart": 1, "pageEnd": 1}}, "target": {"id": "4", "name": "waits for", "entity": {"name": "activity", "description": "", "aspect": {"name": "", "textColor": {"r": 0, "g": 0, "b": 0, "hex": "#000000"}, "shapeColor": {"r": 0, "g": 0, "b": 0, "hex": "#000000"}, "shape": "rectangle"}, "position": {"x": 0, "y": 0}}, "position": {"x": 0, "y": 0}, "source": {"file": "doc-9.2", "pageStart": 1, "pageEnd": 1}}, "type": "flow"}, {"id": "4", "source": {"id": "4", "name": "waits for", "entity": {"name": "activity", "description": "", "aspect": {"name": "", "textColor": {"r": 0, "g": 0, "b": 0, "hex": "#000000"}, "shapeColor": {"r": 0, "g": 0, "b": 0, "hex": "#000000"}, "shape": "rectangle"}, "position": {"x": 0, "y": 0}}, "position": {"x": 0, "y": 0}, "source": {"file": "doc-9.2", "pageStart": 1, "pageEnd": 1}}, "target": {"id": "5", "name": "a reply", "entity": {"name": "activity data", "description": "", "aspect": {"name": "", "textColor": {"r": 0, "g": 0, "b": 0, "hex": "#000000"}, "shapeColor": {"r": 0, "g": 0, "b": 0, "hex": "#000000"}, "shape": "rectangle"}, "position": {"x": 0, "y": 0}}, "position": {"x": 0, "y": 0}, "source": {"file": "doc-9.2", "pageStart": 1, "pageEnd": 1}}, "type": "uses"}, {"id": "5", "source": {"id": "4", "name": "waits for", "entity": {"name": "activity", "description": "", "aspect": {"name": "", "textColor": {"r": 0, "g": 0, "b": 0, "hex": "#000000"}, "shapeColor": {"r": 0, "g": 0, "b": 0, "hex": "#000000"}, "shape": "rectangle"}, "position": {"x": 0, "y": 0}}, "position": {"x": 0, "y": 0}, "source": {"file": "doc-9.2", "pageStart": 1, "pageEnd": 1}}, "target": {"id": "0", "name": "The Customer Service Representative", "entity": {"name": "actor", "description": "", "aspect": {"name": "", "textColor": {"r": 0, "g": 0, "b": 0, "hex": "#000000"}, "shapeColor": {"r": 0, "g": 0, "b": 0, "hex": "#000000"}, "shape": "rectangle"}, "position": {"x": 0, "y": 0}}, "position": {"x": 0, "y": 0}, "source": {"file": "doc-9.2", "pageStart": 1, "pageEnd": 1}}, "type": "actor performer"}, {"id": "6", "source": {"id": "4", "name": "waits for", "entity": {"name": "activity", "description": "", "aspect": {"name": "", "textColor": {"r": 0, "g": 0, "b": 0, "hex": "#000000"}, "shapeColor": {"r": 0, "g": 0, "b": 0, "hex": "#000000"}, "shape": "rectangle"}, "position": {"x": 0, "y": 0}}, "position": {"x": 0, "y": 0}, "source": {"file": "doc-9.2", "pageStart": 1, "pageEnd": 1}}, "target": {"id": "6", "name": "If", "entity": {"name": "xor gateway", "description": "", "aspect": {"name": "", "textColor": {"r": 0, "g": 0, "b": 0, "hex": "#000000"}, "shapeColor": {"r": 0, "g": 0, "b": 0, "hex": "#000000"}, "shape": "rectangle"}, "position": {"x": 0, "y": 0}}, "position": {"x": 0, "y": 0}, "source": {"file": "doc-9.2", "pageStart": 1, "pageEnd": 1}}, "type": "flow"}, {"id": "7", "source": {"id": "6", "name": "If", "entity": {"name": "xor gateway", "description": "", "aspect": {"name": "", "textColor": {"r": 0, "g": 0, "b": 0, "hex": "#000000"}, "shapeColor": {"r": 0, "g": 0, "b": 0, "hex": "#000000"}, "shape": "rectangle"}, "position": {"x": 0, "y": 0}}, "position": {"x": 0, "y": 0}, "source": {"file": "doc-9.2", "pageStart": 1, "pageEnd": 1}}, "target": {"id": "7", "name": "the customer calls or writes back declining the mortgage", "entity": {"name": "condition specification", "description": "", "aspect": {"name": "", "textColor": {"r": 0, "g": 0, "b": 0, "hex": "#000000"}, "shapeColor": {"r": 0, "g": 0, "b": 0, "hex": "#000000"}, "shape": "rectangle"}, "position": {"x": 0, "y": 0}}, "position": {"x": 0, "y": 0}, "source": {"file": "doc-9.2", "pageStart": 1, "pageEnd": 1}}, "type": "flow"}, {"id": "8", "source": {"id": "6", "name": "If", "entity": {"name": "xor gateway", "description": "", "aspect": {"name": "", "textColor": {"r": 0, "g": 0, "b": 0, "hex": "#000000"}, "shapeColor": {"r": 0, "g": 0, "b": 0, "hex": "#000000"}, "shape": "rectangle"}, "position": {"x": 0, "y": 0}}, "position": {"x": 0, "y": 0}, "source": {"file": "doc-9.2", "pageStart": 1, "pageEnd": 1}}, "target": {"id": "13", "name": "If", "entity": {"name": "xor gateway", "description": "", "aspect": {"name": "", "textColor": {"r": 0, "g": 0, "b": 0, "hex": "#000000"}, "shapeColor": {"r": 0, "g": 0, "b": 0, "hex": "#000000"}, "shape": "rectangle"}, "position": {"x": 0, "y": 0}}, "position": {"x": 0, "y": 0}, "source": {"file": "doc-9.2", "pageStart": 1, "pageEnd": 1}}, "type": "same gateway"}, {"id": "9", "source": {"id": "7", "name": "the customer calls or writes back declining the mortgage", "entity": {"name": "condition specification", "description": "", "aspect": {"name": "", "textColor": {"r": 0, "g": 0, "b": 0, "hex": "#000000"}, "shapeColor": {"r": 0, "g": 0, "b": 0, "hex": "#000000"}, "shape": "rectangle"}, "position": {"x": 0, "y": 0}}, "position": {"x": 0, "y": 0}, "source": {"file": "doc-9.2", "pageStart": 1, "pageEnd": 1}}, "target": {"id": "9", "name": "updated", "entity": {"name": "activity", "description": "", "aspect": {"name": "", "textColor": {"r": 0, "g": 0, "b": 0, "hex": "#000000"}, "shapeColor": {"r": 0, "g": 0, "b": 0, "hex": "#000000"}, "shape": "rectangle"}, "position": {"x": 0, "y": 0}}, "position": {"x": 0, "y": 0}, "source": {"file": "doc-9.2", "pageStart": 1, "pageEnd": 1}}, "type": "flow"}, {"id": "10", "source": {"id": "9", "name": "updated", "entity": {"name": "activity", "description": "", "aspect": {"name": "", "textColor": {"r": 0, "g": 0, "b": 0, "hex": "#000000"}, "shapeColor": {"r": 0, "g": 0, "b": 0, "hex": "#000000"}, "shape": "rectangle"}, "position": {"x": 0, "y": 0}}, "position": {"x": 0, "y": 0}, "source": {"file": "doc-9.2", "pageStart": 1, "pageEnd": 1}}, "target": {"id": "8", "name": "the case details", "entity": {"name": "activity data", "description": "", "aspect": {"name": "", "textColor": {"r": 0, "g": 0, "b": 0, "hex": "#000000"}, "shapeColor": {"r": 0, "g": 0, "b": 0, "hex": "#000000"}, "shape": "rectangle"}, "position": {"x": 0, "y": 0}}, "position": {"x": 0, "y": 0}, "source": {"file": "doc-9.2", "pageStart": 1, "pageEnd": 1}}, "type": "uses"}, {"id": "11", "source": {"id": "9", "name": "updated", "entity": {"name": "activity", "description": "", "aspect": {"name": "", "textColor": {"r": 0, "g": 0, "b": 0, "hex": "#000000"}, "shapeColor": {"r": 0, "g": 0, "b": 0, "hex": "#000000"}, "shape": "rectangle"}, "position": {"x": 0, "y": 0}}, "position": {"x": 0, "y": 0}, "source": {"file": "doc-9.2", "pageStart": 1, "pageEnd": 1}}, "target": {"id": "11", "name": "archived", "entity": {"name": "activity", "description": "", "aspect": {"name": "", "textColor": {"r": 0, "g": 0, "b": 0, "hex": "#000000"}, "shapeColor": {"r": 0, "g": 0, "b": 0, "hex": "#000000"}, "shape": "rectangle"}, "position": {"x": 0, "y": 0}}, "position": {"x": 0, "y": 0}, "source": {"file": "doc-9.2", "pageStart": 1, "pageEnd": 1}}, "type": "flow"}, {"id": "12", "source": {"id": "11", "name": "archived", "entity": {"name": "activity", "description": "", "aspect": {"name": "", "textColor": {"r": 0, "g": 0, "b": 0, "hex": "#000000"}, "shapeColor": {"r": 0, "g": 0, "b": 0, "hex": "#000000"}, "shape": "rectangle"}, "position": {"x": 0, "y": 0}}, "position": {"x": 0, "y": 0}, "source": {"file": "doc-9.2", "pageStart": 1, "pageEnd": 1}}, "target": {"id": "10", "name": "the work", "entity": {"name": "activity data", "description": "", "aspect": {"name": "", "textColor": {"r": 0, "g": 0, "b": 0, "hex": "#000000"}, "shapeColor": {"r": 0, "g": 0, "b": 0, "hex": "#000000"}, "shape": "rectangle"}, "position": {"x": 0, "y": 0}}, "position": {"x": 0, "y": 0}, "source": {"file": "doc-9.2", "pageStart": 1, "pageEnd": 1}}, "type": "uses"}, {"id": "13", "source": {"id": "11", "name": "archived", "entity": {"name": "activity", "description": "", "aspect": {"name": "", "textColor": {"r": 0, "g": 0, "b": 0, "hex": "#000000"}, "shapeColor": {"r": 0, "g": 0, "b": 0, "hex": "#000000"}, "shape": "rectangle"}, "position": {"x": 0, "y": 0}}, "position": {"x": 0, "y": 0}, "source": {"file": "doc-9.2", "pageStart": 1, "pageEnd": 1}}, "target": {"id": "12", "name": "cancellation", "entity": {"name": "activity", "description": "", "aspect": {"name": "", "textColor": {"r": 0, "g": 0, "b": 0, "hex": "#000000"}, "shapeColor": {"r": 0, "g": 0, "b": 0, "hex": "#000000"}, "shape": "rectangle"}, "position": {"x": 0, "y": 0}}, "position": {"x": 0, "y": 0}, "source": {"file": "doc-9.2", "pageStart": 1, "pageEnd": 1}}, "type": "flow"}, {"id": "14", "source": {"id": "13", "name": "If", "entity": {"name": "xor gateway", "description": "", "aspect": {"name": "", "textColor": {"r": 0, "g": 0, "b": 0, "hex": "#000000"}, "shapeColor": {"r": 0, "g": 0, "b": 0, "hex": "#000000"}, "shape": "rectangle"}, "position": {"x": 0, "y": 0}}, "position": {"x": 0, "y": 0}, "source": {"file": "doc-9.2", "pageStart": 1, "pageEnd": 1}}, "target": {"id": "14", "name": "the customer sends back the completed offer documents and attaches all prerequisite documents", "entity": {"name": "condition specification", "description": "", "aspect": {"name": "", "textColor": {"r": 0, "g": 0, "b": 0, "hex": "#000000"}, "shapeColor": {"r": 0, "g": 0, "b": 0, "hex": "#000000"}, "shape": "rectangle"}, "position": {"x": 0, "y": 0}}, "position": {"x": 0, "y": 0}, "source": {"file": "doc-9.2", "pageStart": 1, "pageEnd": 1}}, "type": "flow"}, {"id": "15", "source": {"id": "13", "name": "If", "entity": {"name": "xor gateway", "description": "", "aspect": {"name": "", "textColor": {"r": 0, "g": 0, "b": 0, "hex": "#000000"}, "shapeColor": {"r": 0, "g": 0, "b": 0, "hex": "#000000"}, "shape": "rectangle"}, "position": {"x": 0, "y": 0}}, "position": {"x": 0, "y": 0}, "source": {"file": "doc-9.2", "pageStart": 1, "pageEnd": 1}}, "target": {"id": "23", "name": "If", "entity": {"name": "xor gateway", "description": "", "aspect": {"name": "", "textColor": {"r": 0, "g": 0, "b": 0, "hex": "#000000"}, "shapeColor": {"r": 0, "g": 0, "b": 0, "hex": "#000000"}, "shape": "rectangle"}, "position": {"x": 0, "y": 0}}, "position": {"x": 0, "y": 0}, "source": {"file": "doc-9.2", "pageStart": 1, "pageEnd": 1}}, "type": "same gateway"}, {"id": "16", "source": {"id": "14", "name": "the customer sends back the completed offer documents and attaches all prerequisite documents", "entity": {"name": "condition specification", "description": "", "aspect": {"name": "", "textColor": {"r": 0, "g": 0, "b": 0, "hex": "#000000"}, "shapeColor": {"r": 0, "g": 0, "b": 0, "hex": "#000000"}, "shape": "rectangle"}, "position": {"x": 0, "y": 0}}, "position": {"x": 0, "y": 0}, "source": {"file": "doc-9.2", "pageStart": 1, "pageEnd": 1}}, "target": {"id": "16", "name": "moved", "entity": {"name": "activity", "description": "", "aspect": {"name": "", "textColor": {"r": 0, "g": 0, "b": 0, "hex": "#000000"}, "shapeColor": {"r": 0, "g": 0, "b": 0, "hex": "#000000"}, "shape": "rectangle"}, "position": {"x": 0, "y": 0}}, "position": {"x": 0, "y": 0}, "source": {"file": "doc-9.2", "pageStart": 1, "pageEnd": 1}}, "type": "flow"}, {"id": "17", "source": {"id": "16", "name": "moved", "entity": {"name": "activity", "description": "", "aspect": {"name": "", "textColor": {"r": 0, "g": 0, "b": 0, "hex": "#000000"}, "shapeColor": {"r": 0, "g": 0, "b": 0, "hex": "#000000"}, "shape": "rectangle"}, "position": {"x": 0, "y": 0}}, "position": {"x": 0, "y": 0}, "source": {"file": "doc-9.2", "pageStart": 1, "pageEnd": 1}}, "target": {"id": "15", "name": "the case", "entity": {"name": "activity data", "description": "", "aspect": {"name": "", "textColor": {"r": 0, "g": 0, "b": 0, "hex": "#000000"}, "shapeColor": {"r": 0, "g": 0, "b": 0, "hex": "#000000"}, "shape": "rectangle"}, "position": {"x": 0, "y": 0}}, "position": {"x": 0, "y": 0}, "source": {"file": "doc-9.2", "pageStart": 1, "pageEnd": 1}}, "type": "uses"}, {"id": "18", "source": {"id": "16", "name": "moved", "entity": {"name": "activity", "description": "", "aspect": {"name": "", "textColor": {"r": 0, "g": 0, "b": 0, "hex": "#000000"}, "shapeColor": {"r": 0, "g": 0, "b": 0, "hex": "#000000"}, "shape": "rectangle"}, "position": {"x": 0, "y": 0}}, "position": {"x": 0, "y": 0}, "source": {"file": "doc-9.2", "pageStart": 1, "pageEnd": 1}}, "target": {"id": "17", "name": "administration", "entity": {"name": "actor", "description": "", "aspect": {"name": "", "textColor": {"r": 0, "g": 0, "b": 0, "hex": "#000000"}, "shapeColor": {"r": 0, "g": 0, "b": 0, "hex": "#000000"}, "shape": "rectangle"}, "position": {"x": 0, "y": 0}}, "position": {"x": 0, "y": 0}, "source": {"file": "doc-9.2", "pageStart": 1, "pageEnd": 1}}, "type": "actor recipient"}, {"id": "19", "source": {"id": "16", "name": "moved", "entity": {"name": "activity", "description": "", "aspect": {"name": "", "textColor": {"r": 0, "g": 0, "b": 0, "hex": "#000000"}, "shapeColor": {"r": 0, "g": 0, "b": 0, "hex": "#000000"}, "shape": "rectangle"}, "position": {"x": 0, "y": 0}}, "position": {"x": 0, "y": 0}, "source": {"file": "doc-9.2", "pageStart": 1, "pageEnd": 1}}, "target": {"id": "18", "name": "If", "entity": {"name": "xor gateway", "description": "", "aspect": {"name": "", "textColor": {"r": 0, "g": 0, "b": 0, "hex": "#000000"}, "shapeColor": {"r": 0, "g": 0, "b": 0, "hex": "#000000"}, "shape": "rectangle"}, "position": {"x": 0, "y": 0}}, "position": {"x": 0, "y": 0}, "source": {"file": "doc-9.2", "pageStart": 1, "pageEnd": 1}}, "type": "flow"}, {"id": "20", "source": {"id": "18", "name": "If", "entity": {"name": "xor gateway", "description": "", "aspect": {"name": "", "textColor": {"r": 0, "g": 0, "b": 0, "hex": "#000000"}, "shapeColor": {"r": 0, "g": 0, "b": 0, "hex": "#000000"}, "shape": "rectangle"}, "position": {"x": 0, "y": 0}}, "position": {"x": 0, "y": 0}, "source": {"file": "doc-9.2", "pageStart": 1, "pageEnd": 1}}, "target": {"id": "19", "name": "all pre-requisite documents are not provided", "entity": {"name": "condition specification", "description": "", "aspect": {"name": "", "textColor": {"r": 0, "g": 0, "b": 0, "hex": "#000000"}, "shapeColor": {"r": 0, "g": 0, "b": 0, "hex": "#000000"}, "shape": "rectangle"}, "position": {"x": 0, "y": 0}}, "position": {"x": 0, "y": 0}, "source": {"file": "doc-9.2", "pageStart": 1, "pageEnd": 1}}, "type": "flow"}, {"id": "21", "source": {"id": "19", "name": "all pre-requisite documents are not provided", "entity": {"name": "condition specification", "description": "", "aspect": {"name": "", "textColor": {"r": 0, "g": 0, "b": 0, "hex": "#000000"}, "shapeColor": {"r": 0, "g": 0, "b": 0, "hex": "#000000"}, "shape": "rectangle"}, "position": {"x": 0, "y": 0}}, "position": {"x": 0, "y": 0}, "source": {"file": "doc-9.2", "pageStart": 1, "pageEnd": 1}}, "target": {"id": "21", "name": "generated", "entity": {"name": "activity", "description": "", "aspect": {"name": "", "textColor": {"r": 0, "g": 0, "b": 0, "hex": "#000000"}, "shapeColor": {"r": 0, "g": 0, "b": 0, "hex": "#000000"}, "shape": "rectangle"}, "position": {"x": 0, "y": 0}}, "position": {"x": 0, "y": 0}, "source": {"file": "doc-9.2", "pageStart": 1, "pageEnd": 1}}, "type": "flow"}, {"id": "22", "source": {"id": "21", "name": "generated", "entity": {"name": "activity", "description": "", "aspect": {"name": "", "textColor": {"r": 0, "g": 0, "b": 0, "hex": "#000000"}, "shapeColor": {"r": 0, "g": 0, "b": 0, "hex": "#000000"}, "shape": "rectangle"}, "position": {"x": 0, "y": 0}}, "position": {"x": 0, "y": 0}, "source": {"file": "doc-9.2", "pageStart": 1, "pageEnd": 1}}, "target": {"id": "20", "name": "a message", "entity": {"name": "activity data", "description": "", "aspect": {"name": "", "textColor": {"r": 0, "g": 0, "b": 0, "hex": "#000000"}, "shapeColor": {"r": 0, "g": 0, "b": 0, "hex": "#000000"}, "shape": "rectangle"}, "position": {"x": 0, "y": 0}}, "position": {"x": 0, "y": 0}, "source": {"file": "doc-9.2", "pageStart": 1, "pageEnd": 1}}, "type": "uses"}, {"id": "23", "source": {"id": "21", "name": "generated", "entity": {"name": "activity", "description": "", "aspect": {"name": "", "textColor": {"r": 0, "g": 0, "b": 0, "hex": "#000000"}, "shapeColor": {"r": 0, "g": 0, "b": 0, "hex": "#000000"}, "shape": "rectangle"}, "position": {"x": 0, "y": 0}}, "position": {"x": 0, "y": 0}, "source": {"file": "doc-9.2", "pageStart": 1, "pageEnd": 1}}, "target": {"id": "3", "name": "the customer", "entity": {"name": "actor", "description": "", "aspect": {"name": "", "textColor": {"r": 0, "g": 0, "b": 0, "hex": "#000000"}, "shapeColor": {"r": 0, "g": 0, "b": 0, "hex": "#000000"}, "shape": "rectangle"}, "position": {"x": 0, "y": 0}}, "position": {"x": 0, "y": 0}, "source": {"file": "doc-9.2", "pageStart": 1, "pageEnd": 1}}, "type": "actor recipient"}, {"id": "24", "source": {"id": "21", "name": "generated", "entity": {"name": "activity", "description": "", "aspect": {"name": "", "textColor": {"r": 0, "g": 0, "b": 0, "hex": "#000000"}, "shapeColor": {"r": 0, "g": 0, "b": 0, "hex": "#000000"}, "shape": "rectangle"}, "position": {"x": 0, "y": 0}}, "position": {"x": 0, "y": 0}, "source": {"file": "doc-9.2", "pageStart": 1, "pageEnd": 1}}, "target": {"id": "22", "name": "requesting outstanding documents", "entity": {"name": "further specification", "description": "", "aspect": {"name": "", "textColor": {"r": 0, "g": 0, "b": 0, "hex": "#000000"}, "shapeColor": {"r": 0, "g": 0, "b": 0, "hex": "#000000"}, "shape": "rectangle"}, "position": {"x": 0, "y": 0}}, "position": {"x": 0, "y": 0}, "source": {"file": "doc-9.2", "pageStart": 1, "pageEnd": 1}}, "type": "further specification"}, {"id": "25", "source": {"id": "23", "name": "If", "entity": {"name": "xor gateway", "description": "", "aspect": {"name": "", "textColor": {"r": 0, "g": 0, "b": 0, "hex": "#000000"}, "shapeColor": {"r": 0, "g": 0, "b": 0, "hex": "#000000"}, "shape": "rectangle"}, "position": {"x": 0, "y": 0}}, "position": {"x": 0, "y": 0}, "source": {"file": "doc-9.2", "pageStart": 1, "pageEnd": 1}}, "target": {"id": "24", "name": "no answer is received after 2 weeks", "entity": {"name": "condition specification", "description": "", "aspect": {"name": "", "textColor": {"r": 0, "g": 0, "b": 0, "hex": "#000000"}, "shapeColor": {"r": 0, "g": 0, "b": 0, "hex": "#000000"}, "shape": "rectangle"}, "position": {"x": 0, "y": 0}}, "position": {"x": 0, "y": 0}, "source": {"file": "doc-9.2", "pageStart": 1, "pageEnd": 1}}, "type": "flow"}, {"id": "26", "source": {"id": "24", "name": "no answer is received after 2 weeks", "entity": {"name": "condition specification", "description": "", "aspect": {"name": "", "textColor": {"r": 0, "g": 0, "b": 0, "hex": "#000000"}, "shapeColor": {"r": 0, "g": 0, "b": 0, "hex": "#000000"}, "shape": "rectangle"}, "position": {"x": 0, "y": 0}}, "position": {"x": 0, "y": 0}, "source": {"file": "doc-9.2", "pageStart": 1, "pageEnd": 1}}, "target": {"id": "25", "name": "updated", "entity": {"name": "activity", "description": "", "aspect": {"name": "", "textColor": {"r": 0, "g": 0, "b": 0, "hex": "#000000"}, "shapeColor": {"r": 0, "g": 0, "b": 0, "hex": "#000000"}, "shape": "rectangle"}, "position": {"x": 0, "y": 0}}, "position": {"x": 0, "y": 0}, "source": {"file": "doc-9.2", "pageStart": 1, "pageEnd": 1}}, "type": "flow"}, {"id": "27", "source": {"id": "25", "name": "updated", "entity": {"name": "activity", "description": "", "aspect": {"name": "", "textColor": {"r": 0, "g": 0, "b": 0, "hex": "#000000"}, "shapeColor": {"r": 0, "g": 0, "b": 0, "hex": "#000000"}, "shape": "rectangle"}, "position": {"x": 0, "y": 0}}, "position": {"x": 0, "y": 0}, "source": {"file": "doc-9.2", "pageStart": 1, "pageEnd": 1}}, "target": {"id": "8", "name": "the case details", "entity": {"name": "activity data", "description": "", "aspect": {"name": "", "textColor": {"r": 0, "g": 0, "b": 0, "hex": "#000000"}, "shapeColor": {"r": 0, "g": 0, "b": 0, "hex": "#000000"}, "shape": "rectangle"}, "position": {"x": 0, "y": 0}}, "position": {"x": 0, "y": 0}, "source": {"file": "doc-9.2", "pageStart": 1, "pageEnd": 1}}, "type": "uses"}, {"id": "28", "source": {"id": "25", "name": "updated", "entity": {"name": "activity", "description": "", "aspect": {"name": "", "textColor": {"r": 0, "g": 0, "b": 0, "hex": "#000000"}, "shapeColor": {"r": 0, "g": 0, "b": 0, "hex": "#000000"}, "shape": "rectangle"}, "position": {"x": 0, "y": 0}}, "position": {"x": 0, "y": 0}, "source": {"file": "doc-9.2", "pageStart": 1, "pageEnd": 1}}, "target": {"id": "26", "name": "archive", "entity": {"name": "activity", "description": "", "aspect": {"name": "", "textColor": {"r": 0, "g": 0, "b": 0, "hex": "#000000"}, "shapeColor": {"r": 0, "g": 0, "b": 0, "hex": "#000000"}, "shape": "rectangle"}, "position": {"x": 0, "y": 0}}, "position": {"x": 0, "y": 0}, "source": {"file": "doc-9.2", "pageStart": 1, "pageEnd": 1}}, "type": "flow"}, {"id": "29", "source": {"id": "26", "name": "archive", "entity": {"name": "activity", "description": "", "aspect": {"name": "", "textColor": {"r": 0, "g": 0, "b": 0, "hex": "#000000"}, "shapeColor": {"r": 0, "g": 0, "b": 0, "hex": "#000000"}, "shape": "rectangle"}, "position": {"x": 0, "y": 0}}, "position": {"x": 0, "y": 0}, "source": {"file": "doc-9.2", "pageStart": 1, "pageEnd": 1}}, "target": {"id": "27", "name": "cancellation", "entity": {"name": "activity", "description": "", "aspect": {"name": "", "textColor": {"r": 0, "g": 0, "b": 0, "hex": "#000000"}, "shapeColor": {"r": 0, "g": 0, "b": 0, "hex": "#000000"}, "shape": "rectangle"}, "position": {"x": 0, "y": 0}}, "position": {"x": 0, "y": 0}, "source": {"file": "doc-9.2", "pageStart": 1, "pageEnd": 1}}, "type": "flow"}]}