{"nodes": [{"id": "0", "name": "The MPON", "entity": {"name": "actor", "description": "", "aspect": {"name": "", "textColor": {"r": 0, "g": 0, "b": 0, "hex": "#000000"}, "shapeColor": {"r": 0, "g": 0, "b": 0, "hex": "#000000"}, "shape": "rectangle"}, "position": {"x": 0, "y": 0}}, "position": {"x": 0, "y": 0}, "source": {"file": "doc-10.1", "pageStart": 1, "pageEnd": 1}}, {"id": "1", "name": "sents", "entity": {"name": "activity", "description": "", "aspect": {"name": "", "textColor": {"r": 0, "g": 0, "b": 0, "hex": "#000000"}, "shapeColor": {"r": 0, "g": 0, "b": 0, "hex": "#000000"}, "shape": "rectangle"}, "position": {"x": 0, "y": 0}}, "position": {"x": 0, "y": 0}, "source": {"file": "doc-10.1", "pageStart": 1, "pageEnd": 1}}, {"id": "2", "name": "the dismissal", "entity": {"name": "activity data", "description": "", "aspect": {"name": "", "textColor": {"r": 0, "g": 0, "b": 0, "hex": "#000000"}, "shapeColor": {"r": 0, "g": 0, "b": 0, "hex": "#000000"}, "shape": "rectangle"}, "position": {"x": 0, "y": 0}}, "position": {"x": 0, "y": 0}, "source": {"file": "doc-10.1", "pageStart": 1, "pageEnd": 1}}, {"id": "3", "name": "the MPOO", "entity": {"name": "actor", "description": "", "aspect": {"name": "", "textColor": {"r": 0, "g": 0, "b": 0, "hex": "#000000"}, "shapeColor": {"r": 0, "g": 0, "b": 0, "hex": "#000000"}, "shape": "rectangle"}, "position": {"x": 0, "y": 0}}, "position": {"x": 0, "y": 0}, "source": {"file": "doc-10.1", "pageStart": 1, "pageEnd": 1}}, {"id": "4", "name": "reviews", "entity": {"name": "activity", "description": "", "aspect": {"name": "", "textColor": {"r": 0, "g": 0, "b": 0, "hex": "#000000"}, "shapeColor": {"r": 0, "g": 0, "b": 0, "hex": "#000000"}, "shape": "rectangle"}, "position": {"x": 0, "y": 0}}, "position": {"x": 0, "y": 0}, "source": {"file": "doc-10.1", "pageStart": 1, "pageEnd": 1}}, {"id": "5", "name": "opposes", "entity": {"name": "activity", "description": "", "aspect": {"name": "", "textColor": {"r": 0, "g": 0, "b": 0, "hex": "#000000"}, "shapeColor": {"r": 0, "g": 0, "b": 0, "hex": "#000000"}, "shape": "rectangle"}, "position": {"x": 0, "y": 0}}, "position": {"x": 0, "y": 0}, "source": {"file": "doc-10.1", "pageStart": 1, "pageEnd": 1}}, {"id": "6", "name": "or", "entity": {"name": "xor gateway", "description": "", "aspect": {"name": "", "textColor": {"r": 0, "g": 0, "b": 0, "hex": "#000000"}, "shapeColor": {"r": 0, "g": 0, "b": 0, "hex": "#000000"}, "shape": "rectangle"}, "position": {"x": 0, "y": 0}}, "position": {"x": 0, "y": 0}, "source": {"file": "doc-10.1", "pageStart": 1, "pageEnd": 1}}, {"id": "7", "name": "confirmes", "entity": {"name": "activity", "description": "", "aspect": {"name": "", "textColor": {"r": 0, "g": 0, "b": 0, "hex": "#000000"}, "shapeColor": {"r": 0, "g": 0, "b": 0, "hex": "#000000"}, "shape": "rectangle"}, "position": {"x": 0, "y": 0}}, "position": {"x": 0, "y": 0}, "source": {"file": "doc-10.1", "pageStart": 1, "pageEnd": 1}}], "edges": [{"id": "0", "source": {"id": "1", "name": "sents", "entity": {"name": "activity", "description": "", "aspect": {"name": "", "textColor": {"r": 0, "g": 0, "b": 0, "hex": "#000000"}, "shapeColor": {"r": 0, "g": 0, "b": 0, "hex": "#000000"}, "shape": "rectangle"}, "position": {"x": 0, "y": 0}}, "position": {"x": 0, "y": 0}, "source": {"file": "doc-10.1", "pageStart": 1, "pageEnd": 1}}, "target": {"id": "2", "name": "the dismissal", "entity": {"name": "activity data", "description": "", "aspect": {"name": "", "textColor": {"r": 0, "g": 0, "b": 0, "hex": "#000000"}, "shapeColor": {"r": 0, "g": 0, "b": 0, "hex": "#000000"}, "shape": "rectangle"}, "position": {"x": 0, "y": 0}}, "position": {"x": 0, "y": 0}, "source": {"file": "doc-10.1", "pageStart": 1, "pageEnd": 1}}, "type": "uses"}, {"id": "1", "source": {"id": "1", "name": "sents", "entity": {"name": "activity", "description": "", "aspect": {"name": "", "textColor": {"r": 0, "g": 0, "b": 0, "hex": "#000000"}, "shapeColor": {"r": 0, "g": 0, "b": 0, "hex": "#000000"}, "shape": "rectangle"}, "position": {"x": 0, "y": 0}}, "position": {"x": 0, "y": 0}, "source": {"file": "doc-10.1", "pageStart": 1, "pageEnd": 1}}, "target": {"id": "3", "name": "the MPOO", "entity": {"name": "actor", "description": "", "aspect": {"name": "", "textColor": {"r": 0, "g": 0, "b": 0, "hex": "#000000"}, "shapeColor": {"r": 0, "g": 0, "b": 0, "hex": "#000000"}, "shape": "rectangle"}, "position": {"x": 0, "y": 0}}, "position": {"x": 0, "y": 0}, "source": {"file": "doc-10.1", "pageStart": 1, "pageEnd": 1}}, "type": "actor recipient"}, {"id": "2", "source": {"id": "1", "name": "sents", "entity": {"name": "activity", "description": "", "aspect": {"name": "", "textColor": {"r": 0, "g": 0, "b": 0, "hex": "#000000"}, "shapeColor": {"r": 0, "g": 0, "b": 0, "hex": "#000000"}, "shape": "rectangle"}, "position": {"x": 0, "y": 0}}, "position": {"x": 0, "y": 0}, "source": {"file": "doc-10.1", "pageStart": 1, "pageEnd": 1}}, "target": {"id": "0", "name": "The MPON", "entity": {"name": "actor", "description": "", "aspect": {"name": "", "textColor": {"r": 0, "g": 0, "b": 0, "hex": "#000000"}, "shapeColor": {"r": 0, "g": 0, "b": 0, "hex": "#000000"}, "shape": "rectangle"}, "position": {"x": 0, "y": 0}}, "position": {"x": 0, "y": 0}, "source": {"file": "doc-10.1", "pageStart": 1, "pageEnd": 1}}, "type": "actor performer"}, {"id": "3", "source": {"id": "1", "name": "sents", "entity": {"name": "activity", "description": "", "aspect": {"name": "", "textColor": {"r": 0, "g": 0, "b": 0, "hex": "#000000"}, "shapeColor": {"r": 0, "g": 0, "b": 0, "hex": "#000000"}, "shape": "rectangle"}, "position": {"x": 0, "y": 0}}, "position": {"x": 0, "y": 0}, "source": {"file": "doc-10.1", "pageStart": 1, "pageEnd": 1}}, "target": {"id": "4", "name": "reviews", "entity": {"name": "activity", "description": "", "aspect": {"name": "", "textColor": {"r": 0, "g": 0, "b": 0, "hex": "#000000"}, "shapeColor": {"r": 0, "g": 0, "b": 0, "hex": "#000000"}, "shape": "rectangle"}, "position": {"x": 0, "y": 0}}, "position": {"x": 0, "y": 0}, "source": {"file": "doc-10.1", "pageStart": 1, "pageEnd": 1}}, "type": "flow"}, {"id": "4", "source": {"id": "4", "name": "reviews", "entity": {"name": "activity", "description": "", "aspect": {"name": "", "textColor": {"r": 0, "g": 0, "b": 0, "hex": "#000000"}, "shapeColor": {"r": 0, "g": 0, "b": 0, "hex": "#000000"}, "shape": "rectangle"}, "position": {"x": 0, "y": 0}}, "position": {"x": 0, "y": 0}, "source": {"file": "doc-10.1", "pageStart": 1, "pageEnd": 1}}, "target": {"id": "2", "name": "the dismissal", "entity": {"name": "activity data", "description": "", "aspect": {"name": "", "textColor": {"r": 0, "g": 0, "b": 0, "hex": "#000000"}, "shapeColor": {"r": 0, "g": 0, "b": 0, "hex": "#000000"}, "shape": "rectangle"}, "position": {"x": 0, "y": 0}}, "position": {"x": 0, "y": 0}, "source": {"file": "doc-10.1", "pageStart": 1, "pageEnd": 1}}, "type": "uses"}, {"id": "5", "source": {"id": "4", "name": "reviews", "entity": {"name": "activity", "description": "", "aspect": {"name": "", "textColor": {"r": 0, "g": 0, "b": 0, "hex": "#000000"}, "shapeColor": {"r": 0, "g": 0, "b": 0, "hex": "#000000"}, "shape": "rectangle"}, "position": {"x": 0, "y": 0}}, "position": {"x": 0, "y": 0}, "source": {"file": "doc-10.1", "pageStart": 1, "pageEnd": 1}}, "target": {"id": "3", "name": "the MPOO", "entity": {"name": "actor", "description": "", "aspect": {"name": "", "textColor": {"r": 0, "g": 0, "b": 0, "hex": "#000000"}, "shapeColor": {"r": 0, "g": 0, "b": 0, "hex": "#000000"}, "shape": "rectangle"}, "position": {"x": 0, "y": 0}}, "position": {"x": 0, "y": 0}, "source": {"file": "doc-10.1", "pageStart": 1, "pageEnd": 1}}, "type": "actor performer"}, {"id": "6", "source": {"id": "4", "name": "reviews", "entity": {"name": "activity", "description": "", "aspect": {"name": "", "textColor": {"r": 0, "g": 0, "b": 0, "hex": "#000000"}, "shapeColor": {"r": 0, "g": 0, "b": 0, "hex": "#000000"}, "shape": "rectangle"}, "position": {"x": 0, "y": 0}}, "position": {"x": 0, "y": 0}, "source": {"file": "doc-10.1", "pageStart": 1, "pageEnd": 1}}, "target": {"id": "6", "name": "or", "entity": {"name": "xor gateway", "description": "", "aspect": {"name": "", "textColor": {"r": 0, "g": 0, "b": 0, "hex": "#000000"}, "shapeColor": {"r": 0, "g": 0, "b": 0, "hex": "#000000"}, "shape": "rectangle"}, "position": {"x": 0, "y": 0}}, "position": {"x": 0, "y": 0}, "source": {"file": "doc-10.1", "pageStart": 1, "pageEnd": 1}}, "type": "flow"}, {"id": "7", "source": {"id": "5", "name": "opposes", "entity": {"name": "activity", "description": "", "aspect": {"name": "", "textColor": {"r": 0, "g": 0, "b": 0, "hex": "#000000"}, "shapeColor": {"r": 0, "g": 0, "b": 0, "hex": "#000000"}, "shape": "rectangle"}, "position": {"x": 0, "y": 0}}, "position": {"x": 0, "y": 0}, "source": {"file": "doc-10.1", "pageStart": 1, "pageEnd": 1}}, "target": {"id": "2", "name": "the dismissal", "entity": {"name": "activity data", "description": "", "aspect": {"name": "", "textColor": {"r": 0, "g": 0, "b": 0, "hex": "#000000"}, "shapeColor": {"r": 0, "g": 0, "b": 0, "hex": "#000000"}, "shape": "rectangle"}, "position": {"x": 0, "y": 0}}, "position": {"x": 0, "y": 0}, "source": {"file": "doc-10.1", "pageStart": 1, "pageEnd": 1}}, "type": "uses"}, {"id": "8", "source": {"id": "5", "name": "opposes", "entity": {"name": "activity", "description": "", "aspect": {"name": "", "textColor": {"r": 0, "g": 0, "b": 0, "hex": "#000000"}, "shapeColor": {"r": 0, "g": 0, "b": 0, "hex": "#000000"}, "shape": "rectangle"}, "position": {"x": 0, "y": 0}}, "position": {"x": 0, "y": 0}, "source": {"file": "doc-10.1", "pageStart": 1, "pageEnd": 1}}, "target": {"id": "3", "name": "the MPOO", "entity": {"name": "actor", "description": "", "aspect": {"name": "", "textColor": {"r": 0, "g": 0, "b": 0, "hex": "#000000"}, "shapeColor": {"r": 0, "g": 0, "b": 0, "hex": "#000000"}, "shape": "rectangle"}, "position": {"x": 0, "y": 0}}, "position": {"x": 0, "y": 0}, "source": {"file": "doc-10.1", "pageStart": 1, "pageEnd": 1}}, "type": "actor performer"}, {"id": "9", "source": {"id": "6", "name": "or", "entity": {"name": "xor gateway", "description": "", "aspect": {"name": "", "textColor": {"r": 0, "g": 0, "b": 0, "hex": "#000000"}, "shapeColor": {"r": 0, "g": 0, "b": 0, "hex": "#000000"}, "shape": "rectangle"}, "position": {"x": 0, "y": 0}}, "position": {"x": 0, "y": 0}, "source": {"file": "doc-10.1", "pageStart": 1, "pageEnd": 1}}, "target": {"id": "5", "name": "opposes", "entity": {"name": "activity", "description": "", "aspect": {"name": "", "textColor": {"r": 0, "g": 0, "b": 0, "hex": "#000000"}, "shapeColor": {"r": 0, "g": 0, "b": 0, "hex": "#000000"}, "shape": "rectangle"}, "position": {"x": 0, "y": 0}}, "position": {"x": 0, "y": 0}, "source": {"file": "doc-10.1", "pageStart": 1, "pageEnd": 1}}, "type": "flow"}, {"id": "10", "source": {"id": "6", "name": "or", "entity": {"name": "xor gateway", "description": "", "aspect": {"name": "", "textColor": {"r": 0, "g": 0, "b": 0, "hex": "#000000"}, "shapeColor": {"r": 0, "g": 0, "b": 0, "hex": "#000000"}, "shape": "rectangle"}, "position": {"x": 0, "y": 0}}, "position": {"x": 0, "y": 0}, "source": {"file": "doc-10.1", "pageStart": 1, "pageEnd": 1}}, "target": {"id": "7", "name": "confirmes", "entity": {"name": "activity", "description": "", "aspect": {"name": "", "textColor": {"r": 0, "g": 0, "b": 0, "hex": "#000000"}, "shapeColor": {"r": 0, "g": 0, "b": 0, "hex": "#000000"}, "shape": "rectangle"}, "position": {"x": 0, "y": 0}}, "position": {"x": 0, "y": 0}, "source": {"file": "doc-10.1", "pageStart": 1, "pageEnd": 1}}, "type": "flow"}, {"id": "11", "source": {"id": "7", "name": "confirmes", "entity": {"name": "activity", "description": "", "aspect": {"name": "", "textColor": {"r": 0, "g": 0, "b": 0, "hex": "#000000"}, "shapeColor": {"r": 0, "g": 0, "b": 0, "hex": "#000000"}, "shape": "rectangle"}, "position": {"x": 0, "y": 0}}, "position": {"x": 0, "y": 0}, "source": {"file": "doc-10.1", "pageStart": 1, "pageEnd": 1}}, "target": {"id": "2", "name": "the dismissal", "entity": {"name": "activity data", "description": "", "aspect": {"name": "", "textColor": {"r": 0, "g": 0, "b": 0, "hex": "#000000"}, "shapeColor": {"r": 0, "g": 0, "b": 0, "hex": "#000000"}, "shape": "rectangle"}, "position": {"x": 0, "y": 0}}, "position": {"x": 0, "y": 0}, "source": {"file": "doc-10.1", "pageStart": 1, "pageEnd": 1}}, "type": "uses"}, {"id": "12", "source": {"id": "7", "name": "confirmes", "entity": {"name": "activity", "description": "", "aspect": {"name": "", "textColor": {"r": 0, "g": 0, "b": 0, "hex": "#000000"}, "shapeColor": {"r": 0, "g": 0, "b": 0, "hex": "#000000"}, "shape": "rectangle"}, "position": {"x": 0, "y": 0}}, "position": {"x": 0, "y": 0}, "source": {"file": "doc-10.1", "pageStart": 1, "pageEnd": 1}}, "target": {"id": "3", "name": "the MPOO", "entity": {"name": "actor", "description": "", "aspect": {"name": "", "textColor": {"r": 0, "g": 0, "b": 0, "hex": "#000000"}, "shapeColor": {"r": 0, "g": 0, "b": 0, "hex": "#000000"}, "shape": "rectangle"}, "position": {"x": 0, "y": 0}}, "position": {"x": 0, "y": 0}, "source": {"file": "doc-10.1", "pageStart": 1, "pageEnd": 1}}, "type": "actor performer"}]}