{"nodes": [{"id": "0", "name": "The party", "entity": {"name": "actor", "description": "", "aspect": {"name": "", "textColor": {"r": 0, "g": 0, "b": 0, "hex": "#000000"}, "shapeColor": {"r": 0, "g": 0, "b": 0, "hex": "#000000"}, "shape": "rectangle"}, "position": {"x": 0, "y": 0}}, "position": {"x": 0, "y": 0}, "source": {"file": "doc-3.1", "pageStart": 1, "pageEnd": 1}}, {"id": "1", "name": "sends", "entity": {"name": "activity", "description": "", "aspect": {"name": "", "textColor": {"r": 0, "g": 0, "b": 0, "hex": "#000000"}, "shapeColor": {"r": 0, "g": 0, "b": 0, "hex": "#000000"}, "shape": "rectangle"}, "position": {"x": 0, "y": 0}}, "position": {"x": 0, "y": 0}, "source": {"file": "doc-3.1", "pageStart": 1, "pageEnd": 1}}, {"id": "2", "name": "a warrant possession request", "entity": {"name": "activity data", "description": "", "aspect": {"name": "", "textColor": {"r": 0, "g": 0, "b": 0, "hex": "#000000"}, "shapeColor": {"r": 0, "g": 0, "b": 0, "hex": "#000000"}, "shape": "rectangle"}, "position": {"x": 0, "y": 0}}, "position": {"x": 0, "y": 0}, "source": {"file": "doc-3.1", "pageStart": 1, "pageEnd": 1}}, {"id": "3", "name": "The Client Service Back Office", "entity": {"name": "actor", "description": "", "aspect": {"name": "", "textColor": {"r": 0, "g": 0, "b": 0, "hex": "#000000"}, "shapeColor": {"r": 0, "g": 0, "b": 0, "hex": "#000000"}, "shape": "rectangle"}, "position": {"x": 0, "y": 0}}, "position": {"x": 0, "y": 0}, "source": {"file": "doc-3.1", "pageStart": 1, "pageEnd": 1}}, {"id": "4", "name": "receives", "entity": {"name": "activity", "description": "", "aspect": {"name": "", "textColor": {"r": 0, "g": 0, "b": 0, "hex": "#000000"}, "shapeColor": {"r": 0, "g": 0, "b": 0, "hex": "#000000"}, "shape": "rectangle"}, "position": {"x": 0, "y": 0}}, "position": {"x": 0, "y": 0}, "source": {"file": "doc-3.1", "pageStart": 1, "pageEnd": 1}}, {"id": "5", "name": "the request", "entity": {"name": "activity data", "description": "", "aspect": {"name": "", "textColor": {"r": 0, "g": 0, "b": 0, "hex": "#000000"}, "shapeColor": {"r": 0, "g": 0, "b": 0, "hex": "#000000"}, "shape": "rectangle"}, "position": {"x": 0, "y": 0}}, "position": {"x": 0, "y": 0}, "source": {"file": "doc-3.1", "pageStart": 1, "pageEnd": 1}}, {"id": "6", "name": "retrieves", "entity": {"name": "activity", "description": "", "aspect": {"name": "", "textColor": {"r": 0, "g": 0, "b": 0, "hex": "#000000"}, "shapeColor": {"r": 0, "g": 0, "b": 0, "hex": "#000000"}, "shape": "rectangle"}, "position": {"x": 0, "y": 0}}, "position": {"x": 0, "y": 0}, "source": {"file": "doc-3.1", "pageStart": 1, "pageEnd": 1}}, {"id": "7", "name": "the expanded SCT physical file", "entity": {"name": "activity data", "description": "", "aspect": {"name": "", "textColor": {"r": 0, "g": 0, "b": 0, "hex": "#000000"}, "shapeColor": {"r": 0, "g": 0, "b": 0, "hex": "#000000"}, "shape": "rectangle"}, "position": {"x": 0, "y": 0}}, "position": {"x": 0, "y": 0}, "source": {"file": "doc-3.1", "pageStart": 1, "pageEnd": 1}}, {"id": "8", "name": "the SCT Warrant Possession", "entity": {"name": "activity data", "description": "", "aspect": {"name": "", "textColor": {"r": 0, "g": 0, "b": 0, "hex": "#000000"}, "shapeColor": {"r": 0, "g": 0, "b": 0, "hex": "#000000"}, "shape": "rectangle"}, "position": {"x": 0, "y": 0}}, "position": {"x": 0, "y": 0}, "source": {"file": "doc-3.1", "pageStart": 1, "pageEnd": 1}}, {"id": "9", "name": "forwarded", "entity": {"name": "activity", "description": "", "aspect": {"name": "", "textColor": {"r": 0, "g": 0, "b": 0, "hex": "#000000"}, "shapeColor": {"r": 0, "g": 0, "b": 0, "hex": "#000000"}, "shape": "rectangle"}, "position": {"x": 0, "y": 0}}, "position": {"x": 0, "y": 0}, "source": {"file": "doc-3.1", "pageStart": 1, "pageEnd": 1}}, {"id": "10", "name": "Queensland Police", "entity": {"name": "actor", "description": "", "aspect": {"name": "", "textColor": {"r": 0, "g": 0, "b": 0, "hex": "#000000"}, "shapeColor": {"r": 0, "g": 0, "b": 0, "hex": "#000000"}, "shape": "rectangle"}, "position": {"x": 0, "y": 0}}, "position": {"x": 0, "y": 0}, "source": {"file": "doc-3.1", "pageStart": 1, "pageEnd": 1}}, {"id": "11", "name": "stored", "entity": {"name": "activity", "description": "", "aspect": {"name": "", "textColor": {"r": 0, "g": 0, "b": 0, "hex": "#000000"}, "shapeColor": {"r": 0, "g": 0, "b": 0, "hex": "#000000"}, "shape": "rectangle"}, "position": {"x": 0, "y": 0}}, "position": {"x": 0, "y": 0}, "source": {"file": "doc-3.1", "pageStart": 1, "pageEnd": 1}}, {"id": "12", "name": "awaiting", "entity": {"name": "activity", "description": "", "aspect": {"name": "", "textColor": {"r": 0, "g": 0, "b": 0, "hex": "#000000"}, "shapeColor": {"r": 0, "g": 0, "b": 0, "hex": "#000000"}, "shape": "rectangle"}, "position": {"x": 0, "y": 0}}, "position": {"x": 0, "y": 0}, "source": {"file": "doc-3.1", "pageStart": 1, "pageEnd": 1}}, {"id": "13", "name": "a report", "entity": {"name": "activity data", "description": "", "aspect": {"name": "", "textColor": {"r": 0, "g": 0, "b": 0, "hex": "#000000"}, "shapeColor": {"r": 0, "g": 0, "b": 0, "hex": "#000000"}, "shape": "rectangle"}, "position": {"x": 0, "y": 0}}, "position": {"x": 0, "y": 0}, "source": {"file": "doc-3.1", "pageStart": 1, "pageEnd": 1}}, {"id": "14", "name": "to be sent by the Police", "entity": {"name": "further specification", "description": "", "aspect": {"name": "", "textColor": {"r": 0, "g": 0, "b": 0, "hex": "#000000"}, "shapeColor": {"r": 0, "g": 0, "b": 0, "hex": "#000000"}, "shape": "rectangle"}, "position": {"x": 0, "y": 0}}, "position": {"x": 0, "y": 0}, "source": {"file": "doc-3.1", "pageStart": 1, "pageEnd": 1}}, {"id": "15", "name": "received", "entity": {"name": "activity", "description": "", "aspect": {"name": "", "textColor": {"r": 0, "g": 0, "b": 0, "hex": "#000000"}, "shapeColor": {"r": 0, "g": 0, "b": 0, "hex": "#000000"}, "shape": "rectangle"}, "position": {"x": 0, "y": 0}}, "position": {"x": 0, "y": 0}, "source": {"file": "doc-3.1", "pageStart": 1, "pageEnd": 1}}, {"id": "16", "name": "retrieved", "entity": {"name": "activity", "description": "", "aspect": {"name": "", "textColor": {"r": 0, "g": 0, "b": 0, "hex": "#000000"}, "shapeColor": {"r": 0, "g": 0, "b": 0, "hex": "#000000"}, "shape": "rectangle"}, "position": {"x": 0, "y": 0}}, "position": {"x": 0, "y": 0}, "source": {"file": "doc-3.1", "pageStart": 1, "pageEnd": 1}}, {"id": "17", "name": "attaches", "entity": {"name": "activity", "description": "", "aspect": {"name": "", "textColor": {"r": 0, "g": 0, "b": 0, "hex": "#000000"}, "shapeColor": {"r": 0, "g": 0, "b": 0, "hex": "#000000"}, "shape": "rectangle"}, "position": {"x": 0, "y": 0}}, "position": {"x": 0, "y": 0}, "source": {"file": "doc-3.1", "pageStart": 1, "pageEnd": 1}}, {"id": "18", "name": "the new SCT document", "entity": {"name": "activity data", "description": "", "aspect": {"name": "", "textColor": {"r": 0, "g": 0, "b": 0, "hex": "#000000"}, "shapeColor": {"r": 0, "g": 0, "b": 0, "hex": "#000000"}, "shape": "rectangle"}, "position": {"x": 0, "y": 0}}, "position": {"x": 0, "y": 0}, "source": {"file": "doc-3.1", "pageStart": 1, "pageEnd": 1}}, {"id": "19", "name": "stores", "entity": {"name": "activity", "description": "", "aspect": {"name": "", "textColor": {"r": 0, "g": 0, "b": 0, "hex": "#000000"}, "shapeColor": {"r": 0, "g": 0, "b": 0, "hex": "#000000"}, "shape": "rectangle"}, "position": {"x": 0, "y": 0}}, "position": {"x": 0, "y": 0}, "source": {"file": "doc-3.1", "pageStart": 1, "pageEnd": 1}}, {"id": "20", "name": "some other MC internal staff", "entity": {"name": "actor", "description": "", "aspect": {"name": "", "textColor": {"r": 0, "g": 0, "b": 0, "hex": "#000000"}, "shapeColor": {"r": 0, "g": 0, "b": 0, "hex": "#000000"}, "shape": "rectangle"}, "position": {"x": 0, "y": 0}}, "position": {"x": 0, "y": 0}, "source": {"file": "doc-3.1", "pageStart": 1, "pageEnd": 1}}, {"id": "21", "name": "receives", "entity": {"name": "activity", "description": "", "aspect": {"name": "", "textColor": {"r": 0, "g": 0, "b": 0, "hex": "#000000"}, "shapeColor": {"r": 0, "g": 0, "b": 0, "hex": "#000000"}, "shape": "rectangle"}, "position": {"x": 0, "y": 0}}, "position": {"x": 0, "y": 0}, "source": {"file": "doc-3.1", "pageStart": 1, "pageEnd": 1}}], "edges": [{"id": "0", "source": {"id": "1", "name": "sends", "entity": {"name": "activity", "description": "", "aspect": {"name": "", "textColor": {"r": 0, "g": 0, "b": 0, "hex": "#000000"}, "shapeColor": {"r": 0, "g": 0, "b": 0, "hex": "#000000"}, "shape": "rectangle"}, "position": {"x": 0, "y": 0}}, "position": {"x": 0, "y": 0}, "source": {"file": "doc-3.1", "pageStart": 1, "pageEnd": 1}}, "target": {"id": "2", "name": "a warrant possession request", "entity": {"name": "activity data", "description": "", "aspect": {"name": "", "textColor": {"r": 0, "g": 0, "b": 0, "hex": "#000000"}, "shapeColor": {"r": 0, "g": 0, "b": 0, "hex": "#000000"}, "shape": "rectangle"}, "position": {"x": 0, "y": 0}}, "position": {"x": 0, "y": 0}, "source": {"file": "doc-3.1", "pageStart": 1, "pageEnd": 1}}, "type": "uses"}, {"id": "1", "source": {"id": "1", "name": "sends", "entity": {"name": "activity", "description": "", "aspect": {"name": "", "textColor": {"r": 0, "g": 0, "b": 0, "hex": "#000000"}, "shapeColor": {"r": 0, "g": 0, "b": 0, "hex": "#000000"}, "shape": "rectangle"}, "position": {"x": 0, "y": 0}}, "position": {"x": 0, "y": 0}, "source": {"file": "doc-3.1", "pageStart": 1, "pageEnd": 1}}, "target": {"id": "0", "name": "The party", "entity": {"name": "actor", "description": "", "aspect": {"name": "", "textColor": {"r": 0, "g": 0, "b": 0, "hex": "#000000"}, "shapeColor": {"r": 0, "g": 0, "b": 0, "hex": "#000000"}, "shape": "rectangle"}, "position": {"x": 0, "y": 0}}, "position": {"x": 0, "y": 0}, "source": {"file": "doc-3.1", "pageStart": 1, "pageEnd": 1}}, "type": "actor performer"}, {"id": "2", "source": {"id": "1", "name": "sends", "entity": {"name": "activity", "description": "", "aspect": {"name": "", "textColor": {"r": 0, "g": 0, "b": 0, "hex": "#000000"}, "shapeColor": {"r": 0, "g": 0, "b": 0, "hex": "#000000"}, "shape": "rectangle"}, "position": {"x": 0, "y": 0}}, "position": {"x": 0, "y": 0}, "source": {"file": "doc-3.1", "pageStart": 1, "pageEnd": 1}}, "target": {"id": "4", "name": "receives", "entity": {"name": "activity", "description": "", "aspect": {"name": "", "textColor": {"r": 0, "g": 0, "b": 0, "hex": "#000000"}, "shapeColor": {"r": 0, "g": 0, "b": 0, "hex": "#000000"}, "shape": "rectangle"}, "position": {"x": 0, "y": 0}}, "position": {"x": 0, "y": 0}, "source": {"file": "doc-3.1", "pageStart": 1, "pageEnd": 1}}, "type": "flow"}, {"id": "3", "source": {"id": "4", "name": "receives", "entity": {"name": "activity", "description": "", "aspect": {"name": "", "textColor": {"r": 0, "g": 0, "b": 0, "hex": "#000000"}, "shapeColor": {"r": 0, "g": 0, "b": 0, "hex": "#000000"}, "shape": "rectangle"}, "position": {"x": 0, "y": 0}}, "position": {"x": 0, "y": 0}, "source": {"file": "doc-3.1", "pageStart": 1, "pageEnd": 1}}, "target": {"id": "5", "name": "the request", "entity": {"name": "activity data", "description": "", "aspect": {"name": "", "textColor": {"r": 0, "g": 0, "b": 0, "hex": "#000000"}, "shapeColor": {"r": 0, "g": 0, "b": 0, "hex": "#000000"}, "shape": "rectangle"}, "position": {"x": 0, "y": 0}}, "position": {"x": 0, "y": 0}, "source": {"file": "doc-3.1", "pageStart": 1, "pageEnd": 1}}, "type": "uses"}, {"id": "4", "source": {"id": "4", "name": "receives", "entity": {"name": "activity", "description": "", "aspect": {"name": "", "textColor": {"r": 0, "g": 0, "b": 0, "hex": "#000000"}, "shapeColor": {"r": 0, "g": 0, "b": 0, "hex": "#000000"}, "shape": "rectangle"}, "position": {"x": 0, "y": 0}}, "position": {"x": 0, "y": 0}, "source": {"file": "doc-3.1", "pageStart": 1, "pageEnd": 1}}, "target": {"id": "6", "name": "retrieves", "entity": {"name": "activity", "description": "", "aspect": {"name": "", "textColor": {"r": 0, "g": 0, "b": 0, "hex": "#000000"}, "shapeColor": {"r": 0, "g": 0, "b": 0, "hex": "#000000"}, "shape": "rectangle"}, "position": {"x": 0, "y": 0}}, "position": {"x": 0, "y": 0}, "source": {"file": "doc-3.1", "pageStart": 1, "pageEnd": 1}}, "type": "flow"}, {"id": "5", "source": {"id": "4", "name": "receives", "entity": {"name": "activity", "description": "", "aspect": {"name": "", "textColor": {"r": 0, "g": 0, "b": 0, "hex": "#000000"}, "shapeColor": {"r": 0, "g": 0, "b": 0, "hex": "#000000"}, "shape": "rectangle"}, "position": {"x": 0, "y": 0}}, "position": {"x": 0, "y": 0}, "source": {"file": "doc-3.1", "pageStart": 1, "pageEnd": 1}}, "target": {"id": "3", "name": "The Client Service Back Office", "entity": {"name": "actor", "description": "", "aspect": {"name": "", "textColor": {"r": 0, "g": 0, "b": 0, "hex": "#000000"}, "shapeColor": {"r": 0, "g": 0, "b": 0, "hex": "#000000"}, "shape": "rectangle"}, "position": {"x": 0, "y": 0}}, "position": {"x": 0, "y": 0}, "source": {"file": "doc-3.1", "pageStart": 1, "pageEnd": 1}}, "type": "actor recipient"}, {"id": "6", "source": {"id": "6", "name": "retrieves", "entity": {"name": "activity", "description": "", "aspect": {"name": "", "textColor": {"r": 0, "g": 0, "b": 0, "hex": "#000000"}, "shapeColor": {"r": 0, "g": 0, "b": 0, "hex": "#000000"}, "shape": "rectangle"}, "position": {"x": 0, "y": 0}}, "position": {"x": 0, "y": 0}, "source": {"file": "doc-3.1", "pageStart": 1, "pageEnd": 1}}, "target": {"id": "7", "name": "the expanded SCT physical file", "entity": {"name": "activity data", "description": "", "aspect": {"name": "", "textColor": {"r": 0, "g": 0, "b": 0, "hex": "#000000"}, "shapeColor": {"r": 0, "g": 0, "b": 0, "hex": "#000000"}, "shape": "rectangle"}, "position": {"x": 0, "y": 0}}, "position": {"x": 0, "y": 0}, "source": {"file": "doc-3.1", "pageStart": 1, "pageEnd": 1}}, "type": "uses"}, {"id": "7", "source": {"id": "6", "name": "retrieves", "entity": {"name": "activity", "description": "", "aspect": {"name": "", "textColor": {"r": 0, "g": 0, "b": 0, "hex": "#000000"}, "shapeColor": {"r": 0, "g": 0, "b": 0, "hex": "#000000"}, "shape": "rectangle"}, "position": {"x": 0, "y": 0}}, "position": {"x": 0, "y": 0}, "source": {"file": "doc-3.1", "pageStart": 1, "pageEnd": 1}}, "target": {"id": "3", "name": "The Client Service Back Office", "entity": {"name": "actor", "description": "", "aspect": {"name": "", "textColor": {"r": 0, "g": 0, "b": 0, "hex": "#000000"}, "shapeColor": {"r": 0, "g": 0, "b": 0, "hex": "#000000"}, "shape": "rectangle"}, "position": {"x": 0, "y": 0}}, "position": {"x": 0, "y": 0}, "source": {"file": "doc-3.1", "pageStart": 1, "pageEnd": 1}}, "type": "actor performer"}, {"id": "8", "source": {"id": "6", "name": "retrieves", "entity": {"name": "activity", "description": "", "aspect": {"name": "", "textColor": {"r": 0, "g": 0, "b": 0, "hex": "#000000"}, "shapeColor": {"r": 0, "g": 0, "b": 0, "hex": "#000000"}, "shape": "rectangle"}, "position": {"x": 0, "y": 0}}, "position": {"x": 0, "y": 0}, "source": {"file": "doc-3.1", "pageStart": 1, "pageEnd": 1}}, "target": {"id": "9", "name": "forwarded", "entity": {"name": "activity", "description": "", "aspect": {"name": "", "textColor": {"r": 0, "g": 0, "b": 0, "hex": "#000000"}, "shapeColor": {"r": 0, "g": 0, "b": 0, "hex": "#000000"}, "shape": "rectangle"}, "position": {"x": 0, "y": 0}}, "position": {"x": 0, "y": 0}, "source": {"file": "doc-3.1", "pageStart": 1, "pageEnd": 1}}, "type": "flow"}, {"id": "9", "source": {"id": "9", "name": "forwarded", "entity": {"name": "activity", "description": "", "aspect": {"name": "", "textColor": {"r": 0, "g": 0, "b": 0, "hex": "#000000"}, "shapeColor": {"r": 0, "g": 0, "b": 0, "hex": "#000000"}, "shape": "rectangle"}, "position": {"x": 0, "y": 0}}, "position": {"x": 0, "y": 0}, "source": {"file": "doc-3.1", "pageStart": 1, "pageEnd": 1}}, "target": {"id": "8", "name": "the SCT Warrant Possession", "entity": {"name": "activity data", "description": "", "aspect": {"name": "", "textColor": {"r": 0, "g": 0, "b": 0, "hex": "#000000"}, "shapeColor": {"r": 0, "g": 0, "b": 0, "hex": "#000000"}, "shape": "rectangle"}, "position": {"x": 0, "y": 0}}, "position": {"x": 0, "y": 0}, "source": {"file": "doc-3.1", "pageStart": 1, "pageEnd": 1}}, "type": "uses"}, {"id": "10", "source": {"id": "9", "name": "forwarded", "entity": {"name": "activity", "description": "", "aspect": {"name": "", "textColor": {"r": 0, "g": 0, "b": 0, "hex": "#000000"}, "shapeColor": {"r": 0, "g": 0, "b": 0, "hex": "#000000"}, "shape": "rectangle"}, "position": {"x": 0, "y": 0}}, "position": {"x": 0, "y": 0}, "source": {"file": "doc-3.1", "pageStart": 1, "pageEnd": 1}}, "target": {"id": "10", "name": "Queensland Police", "entity": {"name": "actor", "description": "", "aspect": {"name": "", "textColor": {"r": 0, "g": 0, "b": 0, "hex": "#000000"}, "shapeColor": {"r": 0, "g": 0, "b": 0, "hex": "#000000"}, "shape": "rectangle"}, "position": {"x": 0, "y": 0}}, "position": {"x": 0, "y": 0}, "source": {"file": "doc-3.1", "pageStart": 1, "pageEnd": 1}}, "type": "actor recipient"}, {"id": "11", "source": {"id": "9", "name": "forwarded", "entity": {"name": "activity", "description": "", "aspect": {"name": "", "textColor": {"r": 0, "g": 0, "b": 0, "hex": "#000000"}, "shapeColor": {"r": 0, "g": 0, "b": 0, "hex": "#000000"}, "shape": "rectangle"}, "position": {"x": 0, "y": 0}}, "position": {"x": 0, "y": 0}, "source": {"file": "doc-3.1", "pageStart": 1, "pageEnd": 1}}, "target": {"id": "11", "name": "stored", "entity": {"name": "activity", "description": "", "aspect": {"name": "", "textColor": {"r": 0, "g": 0, "b": 0, "hex": "#000000"}, "shapeColor": {"r": 0, "g": 0, "b": 0, "hex": "#000000"}, "shape": "rectangle"}, "position": {"x": 0, "y": 0}}, "position": {"x": 0, "y": 0}, "source": {"file": "doc-3.1", "pageStart": 1, "pageEnd": 1}}, "type": "flow"}, {"id": "12", "source": {"id": "11", "name": "stored", "entity": {"name": "activity", "description": "", "aspect": {"name": "", "textColor": {"r": 0, "g": 0, "b": 0, "hex": "#000000"}, "shapeColor": {"r": 0, "g": 0, "b": 0, "hex": "#000000"}, "shape": "rectangle"}, "position": {"x": 0, "y": 0}}, "position": {"x": 0, "y": 0}, "source": {"file": "doc-3.1", "pageStart": 1, "pageEnd": 1}}, "target": {"id": "7", "name": "the expanded SCT physical file", "entity": {"name": "activity data", "description": "", "aspect": {"name": "", "textColor": {"r": 0, "g": 0, "b": 0, "hex": "#000000"}, "shapeColor": {"r": 0, "g": 0, "b": 0, "hex": "#000000"}, "shape": "rectangle"}, "position": {"x": 0, "y": 0}}, "position": {"x": 0, "y": 0}, "source": {"file": "doc-3.1", "pageStart": 1, "pageEnd": 1}}, "type": "uses"}, {"id": "13", "source": {"id": "11", "name": "stored", "entity": {"name": "activity", "description": "", "aspect": {"name": "", "textColor": {"r": 0, "g": 0, "b": 0, "hex": "#000000"}, "shapeColor": {"r": 0, "g": 0, "b": 0, "hex": "#000000"}, "shape": "rectangle"}, "position": {"x": 0, "y": 0}}, "position": {"x": 0, "y": 0}, "source": {"file": "doc-3.1", "pageStart": 1, "pageEnd": 1}}, "target": {"id": "3", "name": "The Client Service Back Office", "entity": {"name": "actor", "description": "", "aspect": {"name": "", "textColor": {"r": 0, "g": 0, "b": 0, "hex": "#000000"}, "shapeColor": {"r": 0, "g": 0, "b": 0, "hex": "#000000"}, "shape": "rectangle"}, "position": {"x": 0, "y": 0}}, "position": {"x": 0, "y": 0}, "source": {"file": "doc-3.1", "pageStart": 1, "pageEnd": 1}}, "type": "actor performer"}, {"id": "14", "source": {"id": "11", "name": "stored", "entity": {"name": "activity", "description": "", "aspect": {"name": "", "textColor": {"r": 0, "g": 0, "b": 0, "hex": "#000000"}, "shapeColor": {"r": 0, "g": 0, "b": 0, "hex": "#000000"}, "shape": "rectangle"}, "position": {"x": 0, "y": 0}}, "position": {"x": 0, "y": 0}, "source": {"file": "doc-3.1", "pageStart": 1, "pageEnd": 1}}, "target": {"id": "15", "name": "received", "entity": {"name": "activity", "description": "", "aspect": {"name": "", "textColor": {"r": 0, "g": 0, "b": 0, "hex": "#000000"}, "shapeColor": {"r": 0, "g": 0, "b": 0, "hex": "#000000"}, "shape": "rectangle"}, "position": {"x": 0, "y": 0}}, "position": {"x": 0, "y": 0}, "source": {"file": "doc-3.1", "pageStart": 1, "pageEnd": 1}}, "type": "flow"}, {"id": "15", "source": {"id": "12", "name": "awaiting", "entity": {"name": "activity", "description": "", "aspect": {"name": "", "textColor": {"r": 0, "g": 0, "b": 0, "hex": "#000000"}, "shapeColor": {"r": 0, "g": 0, "b": 0, "hex": "#000000"}, "shape": "rectangle"}, "position": {"x": 0, "y": 0}}, "position": {"x": 0, "y": 0}, "source": {"file": "doc-3.1", "pageStart": 1, "pageEnd": 1}}, "target": {"id": "13", "name": "a report", "entity": {"name": "activity data", "description": "", "aspect": {"name": "", "textColor": {"r": 0, "g": 0, "b": 0, "hex": "#000000"}, "shapeColor": {"r": 0, "g": 0, "b": 0, "hex": "#000000"}, "shape": "rectangle"}, "position": {"x": 0, "y": 0}}, "position": {"x": 0, "y": 0}, "source": {"file": "doc-3.1", "pageStart": 1, "pageEnd": 1}}, "type": "uses"}, {"id": "16", "source": {"id": "12", "name": "awaiting", "entity": {"name": "activity", "description": "", "aspect": {"name": "", "textColor": {"r": 0, "g": 0, "b": 0, "hex": "#000000"}, "shapeColor": {"r": 0, "g": 0, "b": 0, "hex": "#000000"}, "shape": "rectangle"}, "position": {"x": 0, "y": 0}}, "position": {"x": 0, "y": 0}, "source": {"file": "doc-3.1", "pageStart": 1, "pageEnd": 1}}, "target": {"id": "3", "name": "The Client Service Back Office", "entity": {"name": "actor", "description": "", "aspect": {"name": "", "textColor": {"r": 0, "g": 0, "b": 0, "hex": "#000000"}, "shapeColor": {"r": 0, "g": 0, "b": 0, "hex": "#000000"}, "shape": "rectangle"}, "position": {"x": 0, "y": 0}}, "position": {"x": 0, "y": 0}, "source": {"file": "doc-3.1", "pageStart": 1, "pageEnd": 1}}, "type": "actor performer"}, {"id": "17", "source": {"id": "12", "name": "awaiting", "entity": {"name": "activity", "description": "", "aspect": {"name": "", "textColor": {"r": 0, "g": 0, "b": 0, "hex": "#000000"}, "shapeColor": {"r": 0, "g": 0, "b": 0, "hex": "#000000"}, "shape": "rectangle"}, "position": {"x": 0, "y": 0}}, "position": {"x": 0, "y": 0}, "source": {"file": "doc-3.1", "pageStart": 1, "pageEnd": 1}}, "target": {"id": "15", "name": "received", "entity": {"name": "activity", "description": "", "aspect": {"name": "", "textColor": {"r": 0, "g": 0, "b": 0, "hex": "#000000"}, "shapeColor": {"r": 0, "g": 0, "b": 0, "hex": "#000000"}, "shape": "rectangle"}, "position": {"x": 0, "y": 0}}, "position": {"x": 0, "y": 0}, "source": {"file": "doc-3.1", "pageStart": 1, "pageEnd": 1}}, "type": "flow"}, {"id": "18", "source": {"id": "12", "name": "awaiting", "entity": {"name": "activity", "description": "", "aspect": {"name": "", "textColor": {"r": 0, "g": 0, "b": 0, "hex": "#000000"}, "shapeColor": {"r": 0, "g": 0, "b": 0, "hex": "#000000"}, "shape": "rectangle"}, "position": {"x": 0, "y": 0}}, "position": {"x": 0, "y": 0}, "source": {"file": "doc-3.1", "pageStart": 1, "pageEnd": 1}}, "target": {"id": "14", "name": "to be sent by the Police", "entity": {"name": "further specification", "description": "", "aspect": {"name": "", "textColor": {"r": 0, "g": 0, "b": 0, "hex": "#000000"}, "shapeColor": {"r": 0, "g": 0, "b": 0, "hex": "#000000"}, "shape": "rectangle"}, "position": {"x": 0, "y": 0}}, "position": {"x": 0, "y": 0}, "source": {"file": "doc-3.1", "pageStart": 1, "pageEnd": 1}}, "type": "further specification"}, {"id": "19", "source": {"id": "15", "name": "received", "entity": {"name": "activity", "description": "", "aspect": {"name": "", "textColor": {"r": 0, "g": 0, "b": 0, "hex": "#000000"}, "shapeColor": {"r": 0, "g": 0, "b": 0, "hex": "#000000"}, "shape": "rectangle"}, "position": {"x": 0, "y": 0}}, "position": {"x": 0, "y": 0}, "source": {"file": "doc-3.1", "pageStart": 1, "pageEnd": 1}}, "target": {"id": "13", "name": "a report", "entity": {"name": "activity data", "description": "", "aspect": {"name": "", "textColor": {"r": 0, "g": 0, "b": 0, "hex": "#000000"}, "shapeColor": {"r": 0, "g": 0, "b": 0, "hex": "#000000"}, "shape": "rectangle"}, "position": {"x": 0, "y": 0}}, "position": {"x": 0, "y": 0}, "source": {"file": "doc-3.1", "pageStart": 1, "pageEnd": 1}}, "type": "uses"}, {"id": "20", "source": {"id": "15", "name": "received", "entity": {"name": "activity", "description": "", "aspect": {"name": "", "textColor": {"r": 0, "g": 0, "b": 0, "hex": "#000000"}, "shapeColor": {"r": 0, "g": 0, "b": 0, "hex": "#000000"}, "shape": "rectangle"}, "position": {"x": 0, "y": 0}}, "position": {"x": 0, "y": 0}, "source": {"file": "doc-3.1", "pageStart": 1, "pageEnd": 1}}, "target": {"id": "16", "name": "retrieved", "entity": {"name": "activity", "description": "", "aspect": {"name": "", "textColor": {"r": 0, "g": 0, "b": 0, "hex": "#000000"}, "shapeColor": {"r": 0, "g": 0, "b": 0, "hex": "#000000"}, "shape": "rectangle"}, "position": {"x": 0, "y": 0}}, "position": {"x": 0, "y": 0}, "source": {"file": "doc-3.1", "pageStart": 1, "pageEnd": 1}}, "type": "flow"}, {"id": "21", "source": {"id": "16", "name": "retrieved", "entity": {"name": "activity", "description": "", "aspect": {"name": "", "textColor": {"r": 0, "g": 0, "b": 0, "hex": "#000000"}, "shapeColor": {"r": 0, "g": 0, "b": 0, "hex": "#000000"}, "shape": "rectangle"}, "position": {"x": 0, "y": 0}}, "position": {"x": 0, "y": 0}, "source": {"file": "doc-3.1", "pageStart": 1, "pageEnd": 1}}, "target": {"id": "7", "name": "the expanded SCT physical file", "entity": {"name": "activity data", "description": "", "aspect": {"name": "", "textColor": {"r": 0, "g": 0, "b": 0, "hex": "#000000"}, "shapeColor": {"r": 0, "g": 0, "b": 0, "hex": "#000000"}, "shape": "rectangle"}, "position": {"x": 0, "y": 0}}, "position": {"x": 0, "y": 0}, "source": {"file": "doc-3.1", "pageStart": 1, "pageEnd": 1}}, "type": "uses"}, {"id": "22", "source": {"id": "16", "name": "retrieved", "entity": {"name": "activity", "description": "", "aspect": {"name": "", "textColor": {"r": 0, "g": 0, "b": 0, "hex": "#000000"}, "shapeColor": {"r": 0, "g": 0, "b": 0, "hex": "#000000"}, "shape": "rectangle"}, "position": {"x": 0, "y": 0}}, "position": {"x": 0, "y": 0}, "source": {"file": "doc-3.1", "pageStart": 1, "pageEnd": 1}}, "target": {"id": "17", "name": "attaches", "entity": {"name": "activity", "description": "", "aspect": {"name": "", "textColor": {"r": 0, "g": 0, "b": 0, "hex": "#000000"}, "shapeColor": {"r": 0, "g": 0, "b": 0, "hex": "#000000"}, "shape": "rectangle"}, "position": {"x": 0, "y": 0}}, "position": {"x": 0, "y": 0}, "source": {"file": "doc-3.1", "pageStart": 1, "pageEnd": 1}}, "type": "flow"}, {"id": "23", "source": {"id": "17", "name": "attaches", "entity": {"name": "activity", "description": "", "aspect": {"name": "", "textColor": {"r": 0, "g": 0, "b": 0, "hex": "#000000"}, "shapeColor": {"r": 0, "g": 0, "b": 0, "hex": "#000000"}, "shape": "rectangle"}, "position": {"x": 0, "y": 0}}, "position": {"x": 0, "y": 0}, "source": {"file": "doc-3.1", "pageStart": 1, "pageEnd": 1}}, "target": {"id": "18", "name": "the new SCT document", "entity": {"name": "activity data", "description": "", "aspect": {"name": "", "textColor": {"r": 0, "g": 0, "b": 0, "hex": "#000000"}, "shapeColor": {"r": 0, "g": 0, "b": 0, "hex": "#000000"}, "shape": "rectangle"}, "position": {"x": 0, "y": 0}}, "position": {"x": 0, "y": 0}, "source": {"file": "doc-3.1", "pageStart": 1, "pageEnd": 1}}, "type": "uses"}, {"id": "24", "source": {"id": "17", "name": "attaches", "entity": {"name": "activity", "description": "", "aspect": {"name": "", "textColor": {"r": 0, "g": 0, "b": 0, "hex": "#000000"}, "shapeColor": {"r": 0, "g": 0, "b": 0, "hex": "#000000"}, "shape": "rectangle"}, "position": {"x": 0, "y": 0}}, "position": {"x": 0, "y": 0}, "source": {"file": "doc-3.1", "pageStart": 1, "pageEnd": 1}}, "target": {"id": "3", "name": "The Client Service Back Office", "entity": {"name": "actor", "description": "", "aspect": {"name": "", "textColor": {"r": 0, "g": 0, "b": 0, "hex": "#000000"}, "shapeColor": {"r": 0, "g": 0, "b": 0, "hex": "#000000"}, "shape": "rectangle"}, "position": {"x": 0, "y": 0}}, "position": {"x": 0, "y": 0}, "source": {"file": "doc-3.1", "pageStart": 1, "pageEnd": 1}}, "type": "actor performer"}, {"id": "25", "source": {"id": "17", "name": "attaches", "entity": {"name": "activity", "description": "", "aspect": {"name": "", "textColor": {"r": 0, "g": 0, "b": 0, "hex": "#000000"}, "shapeColor": {"r": 0, "g": 0, "b": 0, "hex": "#000000"}, "shape": "rectangle"}, "position": {"x": 0, "y": 0}}, "position": {"x": 0, "y": 0}, "source": {"file": "doc-3.1", "pageStart": 1, "pageEnd": 1}}, "target": {"id": "19", "name": "stores", "entity": {"name": "activity", "description": "", "aspect": {"name": "", "textColor": {"r": 0, "g": 0, "b": 0, "hex": "#000000"}, "shapeColor": {"r": 0, "g": 0, "b": 0, "hex": "#000000"}, "shape": "rectangle"}, "position": {"x": 0, "y": 0}}, "position": {"x": 0, "y": 0}, "source": {"file": "doc-3.1", "pageStart": 1, "pageEnd": 1}}, "type": "flow"}, {"id": "26", "source": {"id": "19", "name": "stores", "entity": {"name": "activity", "description": "", "aspect": {"name": "", "textColor": {"r": 0, "g": 0, "b": 0, "hex": "#000000"}, "shapeColor": {"r": 0, "g": 0, "b": 0, "hex": "#000000"}, "shape": "rectangle"}, "position": {"x": 0, "y": 0}}, "position": {"x": 0, "y": 0}, "source": {"file": "doc-3.1", "pageStart": 1, "pageEnd": 1}}, "target": {"id": "7", "name": "the expanded SCT physical file", "entity": {"name": "activity data", "description": "", "aspect": {"name": "", "textColor": {"r": 0, "g": 0, "b": 0, "hex": "#000000"}, "shapeColor": {"r": 0, "g": 0, "b": 0, "hex": "#000000"}, "shape": "rectangle"}, "position": {"x": 0, "y": 0}}, "position": {"x": 0, "y": 0}, "source": {"file": "doc-3.1", "pageStart": 1, "pageEnd": 1}}, "type": "uses"}, {"id": "27", "source": {"id": "19", "name": "stores", "entity": {"name": "activity", "description": "", "aspect": {"name": "", "textColor": {"r": 0, "g": 0, "b": 0, "hex": "#000000"}, "shapeColor": {"r": 0, "g": 0, "b": 0, "hex": "#000000"}, "shape": "rectangle"}, "position": {"x": 0, "y": 0}}, "position": {"x": 0, "y": 0}, "source": {"file": "doc-3.1", "pageStart": 1, "pageEnd": 1}}, "target": {"id": "3", "name": "The Client Service Back Office", "entity": {"name": "actor", "description": "", "aspect": {"name": "", "textColor": {"r": 0, "g": 0, "b": 0, "hex": "#000000"}, "shapeColor": {"r": 0, "g": 0, "b": 0, "hex": "#000000"}, "shape": "rectangle"}, "position": {"x": 0, "y": 0}}, "position": {"x": 0, "y": 0}, "source": {"file": "doc-3.1", "pageStart": 1, "pageEnd": 1}}, "type": "actor performer"}, {"id": "28", "source": {"id": "19", "name": "stores", "entity": {"name": "activity", "description": "", "aspect": {"name": "", "textColor": {"r": 0, "g": 0, "b": 0, "hex": "#000000"}, "shapeColor": {"r": 0, "g": 0, "b": 0, "hex": "#000000"}, "shape": "rectangle"}, "position": {"x": 0, "y": 0}}, "position": {"x": 0, "y": 0}, "source": {"file": "doc-3.1", "pageStart": 1, "pageEnd": 1}}, "target": {"id": "21", "name": "receives", "entity": {"name": "activity", "description": "", "aspect": {"name": "", "textColor": {"r": 0, "g": 0, "b": 0, "hex": "#000000"}, "shapeColor": {"r": 0, "g": 0, "b": 0, "hex": "#000000"}, "shape": "rectangle"}, "position": {"x": 0, "y": 0}}, "position": {"x": 0, "y": 0}, "source": {"file": "doc-3.1", "pageStart": 1, "pageEnd": 1}}, "type": "flow"}, {"id": "29", "source": {"id": "21", "name": "receives", "entity": {"name": "activity", "description": "", "aspect": {"name": "", "textColor": {"r": 0, "g": 0, "b": 0, "hex": "#000000"}, "shapeColor": {"r": 0, "g": 0, "b": 0, "hex": "#000000"}, "shape": "rectangle"}, "position": {"x": 0, "y": 0}}, "position": {"x": 0, "y": 0}, "source": {"file": "doc-3.1", "pageStart": 1, "pageEnd": 1}}, "target": {"id": "7", "name": "the expanded SCT physical file", "entity": {"name": "activity data", "description": "", "aspect": {"name": "", "textColor": {"r": 0, "g": 0, "b": 0, "hex": "#000000"}, "shapeColor": {"r": 0, "g": 0, "b": 0, "hex": "#000000"}, "shape": "rectangle"}, "position": {"x": 0, "y": 0}}, "position": {"x": 0, "y": 0}, "source": {"file": "doc-3.1", "pageStart": 1, "pageEnd": 1}}, "type": "uses"}, {"id": "30", "source": {"id": "21", "name": "receives", "entity": {"name": "activity", "description": "", "aspect": {"name": "", "textColor": {"r": 0, "g": 0, "b": 0, "hex": "#000000"}, "shapeColor": {"r": 0, "g": 0, "b": 0, "hex": "#000000"}, "shape": "rectangle"}, "position": {"x": 0, "y": 0}}, "position": {"x": 0, "y": 0}, "source": {"file": "doc-3.1", "pageStart": 1, "pageEnd": 1}}, "target": {"id": "20", "name": "some other MC internal staff", "entity": {"name": "actor", "description": "", "aspect": {"name": "", "textColor": {"r": 0, "g": 0, "b": 0, "hex": "#000000"}, "shapeColor": {"r": 0, "g": 0, "b": 0, "hex": "#000000"}, "shape": "rectangle"}, "position": {"x": 0, "y": 0}}, "position": {"x": 0, "y": 0}, "source": {"file": "doc-3.1", "pageStart": 1, "pageEnd": 1}}, "type": "actor recipient"}]}