{"nodes": [{"id": "0", "name": "a claim", "entity": {"name": "activity data", "description": "", "aspect": {"name": "", "textColor": {"r": 0, "g": 0, "b": 0, "hex": "#000000"}, "shapeColor": {"r": 0, "g": 0, "b": 0, "hex": "#000000"}, "shape": "rectangle"}, "position": {"x": 0, "y": 0}}, "position": {"x": 0, "y": 0}, "source": {"file": "doc-3.3", "pageStart": 1, "pageEnd": 1}}, {"id": "1", "name": "registered", "entity": {"name": "activity", "description": "", "aspect": {"name": "", "textColor": {"r": 0, "g": 0, "b": 0, "hex": "#000000"}, "shapeColor": {"r": 0, "g": 0, "b": 0, "hex": "#000000"}, "shape": "rectangle"}, "position": {"x": 0, "y": 0}}, "position": {"x": 0, "y": 0}, "source": {"file": "doc-3.3", "pageStart": 1, "pageEnd": 1}}, {"id": "2", "name": "examined", "entity": {"name": "activity", "description": "", "aspect": {"name": "", "textColor": {"r": 0, "g": 0, "b": 0, "hex": "#000000"}, "shapeColor": {"r": 0, "g": 0, "b": 0, "hex": "#000000"}, "shape": "rectangle"}, "position": {"x": 0, "y": 0}}, "position": {"x": 0, "y": 0}, "source": {"file": "doc-3.3", "pageStart": 1, "pageEnd": 1}}, {"id": "3", "name": "a claims officer", "entity": {"name": "actor", "description": "", "aspect": {"name": "", "textColor": {"r": 0, "g": 0, "b": 0, "hex": "#000000"}, "shapeColor": {"r": 0, "g": 0, "b": 0, "hex": "#000000"}, "shape": "rectangle"}, "position": {"x": 0, "y": 0}}, "position": {"x": 0, "y": 0}, "source": {"file": "doc-3.3", "pageStart": 1, "pageEnd": 1}}, {"id": "4", "name": "writes", "entity": {"name": "activity", "description": "", "aspect": {"name": "", "textColor": {"r": 0, "g": 0, "b": 0, "hex": "#000000"}, "shapeColor": {"r": 0, "g": 0, "b": 0, "hex": "#000000"}, "shape": "rectangle"}, "position": {"x": 0, "y": 0}}, "position": {"x": 0, "y": 0}, "source": {"file": "doc-3.3", "pageStart": 1, "pageEnd": 1}}, {"id": "5", "name": "a settlement recommendation", "entity": {"name": "activity data", "description": "", "aspect": {"name": "", "textColor": {"r": 0, "g": 0, "b": 0, "hex": "#000000"}, "shapeColor": {"r": 0, "g": 0, "b": 0, "hex": "#000000"}, "shape": "rectangle"}, "position": {"x": 0, "y": 0}}, "position": {"x": 0, "y": 0}, "source": {"file": "doc-3.3", "pageStart": 1, "pageEnd": 1}}, {"id": "6", "name": "checked", "entity": {"name": "activity", "description": "", "aspect": {"name": "", "textColor": {"r": 0, "g": 0, "b": 0, "hex": "#000000"}, "shapeColor": {"r": 0, "g": 0, "b": 0, "hex": "#000000"}, "shape": "rectangle"}, "position": {"x": 0, "y": 0}}, "position": {"x": 0, "y": 0}, "source": {"file": "doc-3.3", "pageStart": 1, "pageEnd": 1}}, {"id": "7", "name": "a senior claims officer", "entity": {"name": "actor", "description": "", "aspect": {"name": "", "textColor": {"r": 0, "g": 0, "b": 0, "hex": "#000000"}, "shapeColor": {"r": 0, "g": 0, "b": 0, "hex": "#000000"}, "shape": "rectangle"}, "position": {"x": 0, "y": 0}}, "position": {"x": 0, "y": 0}, "source": {"file": "doc-3.3", "pageStart": 1, "pageEnd": 1}}, {"id": "8", "name": "mark", "entity": {"name": "activity", "description": "", "aspect": {"name": "", "textColor": {"r": 0, "g": 0, "b": 0, "hex": "#000000"}, "shapeColor": {"r": 0, "g": 0, "b": 0, "hex": "#000000"}, "shape": "rectangle"}, "position": {"x": 0, "y": 0}}, "position": {"x": 0, "y": 0}, "source": {"file": "doc-3.3", "pageStart": 1, "pageEnd": 1}}, {"id": "9", "name": "as OK or Not OK", "entity": {"name": "further specification", "description": "", "aspect": {"name": "", "textColor": {"r": 0, "g": 0, "b": 0, "hex": "#000000"}, "shapeColor": {"r": 0, "g": 0, "b": 0, "hex": "#000000"}, "shape": "rectangle"}, "position": {"x": 0, "y": 0}}, "position": {"x": 0, "y": 0}, "source": {"file": "doc-3.3", "pageStart": 1, "pageEnd": 1}}, {"id": "10", "name": "If", "entity": {"name": "xor gateway", "description": "", "aspect": {"name": "", "textColor": {"r": 0, "g": 0, "b": 0, "hex": "#000000"}, "shapeColor": {"r": 0, "g": 0, "b": 0, "hex": "#000000"}, "shape": "rectangle"}, "position": {"x": 0, "y": 0}}, "position": {"x": 0, "y": 0}, "source": {"file": "doc-3.3", "pageStart": 1, "pageEnd": 1}}, {"id": "11", "name": "the claim is marked as Not OK", "entity": {"name": "condition specification", "description": "", "aspect": {"name": "", "textColor": {"r": 0, "g": 0, "b": 0, "hex": "#000000"}, "shapeColor": {"r": 0, "g": 0, "b": 0, "hex": "#000000"}, "shape": "rectangle"}, "position": {"x": 0, "y": 0}}, "position": {"x": 0, "y": 0}, "source": {"file": "doc-3.3", "pageStart": 1, "pageEnd": 1}}, {"id": "12", "name": "sent back", "entity": {"name": "activity", "description": "", "aspect": {"name": "", "textColor": {"r": 0, "g": 0, "b": 0, "hex": "#000000"}, "shapeColor": {"r": 0, "g": 0, "b": 0, "hex": "#000000"}, "shape": "rectangle"}, "position": {"x": 0, "y": 0}}, "position": {"x": 0, "y": 0}, "source": {"file": "doc-3.3", "pageStart": 1, "pageEnd": 1}}, {"id": "13", "name": "If", "entity": {"name": "xor gateway", "description": "", "aspect": {"name": "", "textColor": {"r": 0, "g": 0, "b": 0, "hex": "#000000"}, "shapeColor": {"r": 0, "g": 0, "b": 0, "hex": "#000000"}, "shape": "rectangle"}, "position": {"x": 0, "y": 0}}, "position": {"x": 0, "y": 0}, "source": {"file": "doc-3.3", "pageStart": 1, "pageEnd": 1}}, {"id": "14", "name": "the claim is OK", "entity": {"name": "condition specification", "description": "", "aspect": {"name": "", "textColor": {"r": 0, "g": 0, "b": 0, "hex": "#000000"}, "shapeColor": {"r": 0, "g": 0, "b": 0, "hex": "#000000"}, "shape": "rectangle"}, "position": {"x": 0, "y": 0}}, "position": {"x": 0, "y": 0}, "source": {"file": "doc-3.3", "pageStart": 1, "pageEnd": 1}}, {"id": "15", "name": "the claim handling process", "entity": {"name": "activity data", "description": "", "aspect": {"name": "", "textColor": {"r": 0, "g": 0, "b": 0, "hex": "#000000"}, "shapeColor": {"r": 0, "g": 0, "b": 0, "hex": "#000000"}, "shape": "rectangle"}, "position": {"x": 0, "y": 0}}, "position": {"x": 0, "y": 0}, "source": {"file": "doc-3.3", "pageStart": 1, "pageEnd": 1}}, {"id": "16", "name": "proceeds", "entity": {"name": "activity", "description": "", "aspect": {"name": "", "textColor": {"r": 0, "g": 0, "b": 0, "hex": "#000000"}, "shapeColor": {"r": 0, "g": 0, "b": 0, "hex": "#000000"}, "shape": "rectangle"}, "position": {"x": 0, "y": 0}}, "position": {"x": 0, "y": 0}, "source": {"file": "doc-3.3", "pageStart": 1, "pageEnd": 1}}], "edges": [{"id": "0", "source": {"id": "1", "name": "registered", "entity": {"name": "activity", "description": "", "aspect": {"name": "", "textColor": {"r": 0, "g": 0, "b": 0, "hex": "#000000"}, "shapeColor": {"r": 0, "g": 0, "b": 0, "hex": "#000000"}, "shape": "rectangle"}, "position": {"x": 0, "y": 0}}, "position": {"x": 0, "y": 0}, "source": {"file": "doc-3.3", "pageStart": 1, "pageEnd": 1}}, "target": {"id": "0", "name": "a claim", "entity": {"name": "activity data", "description": "", "aspect": {"name": "", "textColor": {"r": 0, "g": 0, "b": 0, "hex": "#000000"}, "shapeColor": {"r": 0, "g": 0, "b": 0, "hex": "#000000"}, "shape": "rectangle"}, "position": {"x": 0, "y": 0}}, "position": {"x": 0, "y": 0}, "source": {"file": "doc-3.3", "pageStart": 1, "pageEnd": 1}}, "type": "uses"}, {"id": "1", "source": {"id": "1", "name": "registered", "entity": {"name": "activity", "description": "", "aspect": {"name": "", "textColor": {"r": 0, "g": 0, "b": 0, "hex": "#000000"}, "shapeColor": {"r": 0, "g": 0, "b": 0, "hex": "#000000"}, "shape": "rectangle"}, "position": {"x": 0, "y": 0}}, "position": {"x": 0, "y": 0}, "source": {"file": "doc-3.3", "pageStart": 1, "pageEnd": 1}}, "target": {"id": "2", "name": "examined", "entity": {"name": "activity", "description": "", "aspect": {"name": "", "textColor": {"r": 0, "g": 0, "b": 0, "hex": "#000000"}, "shapeColor": {"r": 0, "g": 0, "b": 0, "hex": "#000000"}, "shape": "rectangle"}, "position": {"x": 0, "y": 0}}, "position": {"x": 0, "y": 0}, "source": {"file": "doc-3.3", "pageStart": 1, "pageEnd": 1}}, "type": "flow"}, {"id": "2", "source": {"id": "2", "name": "examined", "entity": {"name": "activity", "description": "", "aspect": {"name": "", "textColor": {"r": 0, "g": 0, "b": 0, "hex": "#000000"}, "shapeColor": {"r": 0, "g": 0, "b": 0, "hex": "#000000"}, "shape": "rectangle"}, "position": {"x": 0, "y": 0}}, "position": {"x": 0, "y": 0}, "source": {"file": "doc-3.3", "pageStart": 1, "pageEnd": 1}}, "target": {"id": "0", "name": "a claim", "entity": {"name": "activity data", "description": "", "aspect": {"name": "", "textColor": {"r": 0, "g": 0, "b": 0, "hex": "#000000"}, "shapeColor": {"r": 0, "g": 0, "b": 0, "hex": "#000000"}, "shape": "rectangle"}, "position": {"x": 0, "y": 0}}, "position": {"x": 0, "y": 0}, "source": {"file": "doc-3.3", "pageStart": 1, "pageEnd": 1}}, "type": "uses"}, {"id": "3", "source": {"id": "2", "name": "examined", "entity": {"name": "activity", "description": "", "aspect": {"name": "", "textColor": {"r": 0, "g": 0, "b": 0, "hex": "#000000"}, "shapeColor": {"r": 0, "g": 0, "b": 0, "hex": "#000000"}, "shape": "rectangle"}, "position": {"x": 0, "y": 0}}, "position": {"x": 0, "y": 0}, "source": {"file": "doc-3.3", "pageStart": 1, "pageEnd": 1}}, "target": {"id": "3", "name": "a claims officer", "entity": {"name": "actor", "description": "", "aspect": {"name": "", "textColor": {"r": 0, "g": 0, "b": 0, "hex": "#000000"}, "shapeColor": {"r": 0, "g": 0, "b": 0, "hex": "#000000"}, "shape": "rectangle"}, "position": {"x": 0, "y": 0}}, "position": {"x": 0, "y": 0}, "source": {"file": "doc-3.3", "pageStart": 1, "pageEnd": 1}}, "type": "actor performer"}, {"id": "4", "source": {"id": "2", "name": "examined", "entity": {"name": "activity", "description": "", "aspect": {"name": "", "textColor": {"r": 0, "g": 0, "b": 0, "hex": "#000000"}, "shapeColor": {"r": 0, "g": 0, "b": 0, "hex": "#000000"}, "shape": "rectangle"}, "position": {"x": 0, "y": 0}}, "position": {"x": 0, "y": 0}, "source": {"file": "doc-3.3", "pageStart": 1, "pageEnd": 1}}, "target": {"id": "4", "name": "writes", "entity": {"name": "activity", "description": "", "aspect": {"name": "", "textColor": {"r": 0, "g": 0, "b": 0, "hex": "#000000"}, "shapeColor": {"r": 0, "g": 0, "b": 0, "hex": "#000000"}, "shape": "rectangle"}, "position": {"x": 0, "y": 0}}, "position": {"x": 0, "y": 0}, "source": {"file": "doc-3.3", "pageStart": 1, "pageEnd": 1}}, "type": "flow"}, {"id": "5", "source": {"id": "4", "name": "writes", "entity": {"name": "activity", "description": "", "aspect": {"name": "", "textColor": {"r": 0, "g": 0, "b": 0, "hex": "#000000"}, "shapeColor": {"r": 0, "g": 0, "b": 0, "hex": "#000000"}, "shape": "rectangle"}, "position": {"x": 0, "y": 0}}, "position": {"x": 0, "y": 0}, "source": {"file": "doc-3.3", "pageStart": 1, "pageEnd": 1}}, "target": {"id": "5", "name": "a settlement recommendation", "entity": {"name": "activity data", "description": "", "aspect": {"name": "", "textColor": {"r": 0, "g": 0, "b": 0, "hex": "#000000"}, "shapeColor": {"r": 0, "g": 0, "b": 0, "hex": "#000000"}, "shape": "rectangle"}, "position": {"x": 0, "y": 0}}, "position": {"x": 0, "y": 0}, "source": {"file": "doc-3.3", "pageStart": 1, "pageEnd": 1}}, "type": "uses"}, {"id": "6", "source": {"id": "4", "name": "writes", "entity": {"name": "activity", "description": "", "aspect": {"name": "", "textColor": {"r": 0, "g": 0, "b": 0, "hex": "#000000"}, "shapeColor": {"r": 0, "g": 0, "b": 0, "hex": "#000000"}, "shape": "rectangle"}, "position": {"x": 0, "y": 0}}, "position": {"x": 0, "y": 0}, "source": {"file": "doc-3.3", "pageStart": 1, "pageEnd": 1}}, "target": {"id": "3", "name": "a claims officer", "entity": {"name": "actor", "description": "", "aspect": {"name": "", "textColor": {"r": 0, "g": 0, "b": 0, "hex": "#000000"}, "shapeColor": {"r": 0, "g": 0, "b": 0, "hex": "#000000"}, "shape": "rectangle"}, "position": {"x": 0, "y": 0}}, "position": {"x": 0, "y": 0}, "source": {"file": "doc-3.3", "pageStart": 1, "pageEnd": 1}}, "type": "actor performer"}, {"id": "7", "source": {"id": "4", "name": "writes", "entity": {"name": "activity", "description": "", "aspect": {"name": "", "textColor": {"r": 0, "g": 0, "b": 0, "hex": "#000000"}, "shapeColor": {"r": 0, "g": 0, "b": 0, "hex": "#000000"}, "shape": "rectangle"}, "position": {"x": 0, "y": 0}}, "position": {"x": 0, "y": 0}, "source": {"file": "doc-3.3", "pageStart": 1, "pageEnd": 1}}, "target": {"id": "6", "name": "checked", "entity": {"name": "activity", "description": "", "aspect": {"name": "", "textColor": {"r": 0, "g": 0, "b": 0, "hex": "#000000"}, "shapeColor": {"r": 0, "g": 0, "b": 0, "hex": "#000000"}, "shape": "rectangle"}, "position": {"x": 0, "y": 0}}, "position": {"x": 0, "y": 0}, "source": {"file": "doc-3.3", "pageStart": 1, "pageEnd": 1}}, "type": "flow"}, {"id": "8", "source": {"id": "6", "name": "checked", "entity": {"name": "activity", "description": "", "aspect": {"name": "", "textColor": {"r": 0, "g": 0, "b": 0, "hex": "#000000"}, "shapeColor": {"r": 0, "g": 0, "b": 0, "hex": "#000000"}, "shape": "rectangle"}, "position": {"x": 0, "y": 0}}, "position": {"x": 0, "y": 0}, "source": {"file": "doc-3.3", "pageStart": 1, "pageEnd": 1}}, "target": {"id": "5", "name": "a settlement recommendation", "entity": {"name": "activity data", "description": "", "aspect": {"name": "", "textColor": {"r": 0, "g": 0, "b": 0, "hex": "#000000"}, "shapeColor": {"r": 0, "g": 0, "b": 0, "hex": "#000000"}, "shape": "rectangle"}, "position": {"x": 0, "y": 0}}, "position": {"x": 0, "y": 0}, "source": {"file": "doc-3.3", "pageStart": 1, "pageEnd": 1}}, "type": "uses"}, {"id": "9", "source": {"id": "6", "name": "checked", "entity": {"name": "activity", "description": "", "aspect": {"name": "", "textColor": {"r": 0, "g": 0, "b": 0, "hex": "#000000"}, "shapeColor": {"r": 0, "g": 0, "b": 0, "hex": "#000000"}, "shape": "rectangle"}, "position": {"x": 0, "y": 0}}, "position": {"x": 0, "y": 0}, "source": {"file": "doc-3.3", "pageStart": 1, "pageEnd": 1}}, "target": {"id": "7", "name": "a senior claims officer", "entity": {"name": "actor", "description": "", "aspect": {"name": "", "textColor": {"r": 0, "g": 0, "b": 0, "hex": "#000000"}, "shapeColor": {"r": 0, "g": 0, "b": 0, "hex": "#000000"}, "shape": "rectangle"}, "position": {"x": 0, "y": 0}}, "position": {"x": 0, "y": 0}, "source": {"file": "doc-3.3", "pageStart": 1, "pageEnd": 1}}, "type": "actor performer"}, {"id": "10", "source": {"id": "6", "name": "checked", "entity": {"name": "activity", "description": "", "aspect": {"name": "", "textColor": {"r": 0, "g": 0, "b": 0, "hex": "#000000"}, "shapeColor": {"r": 0, "g": 0, "b": 0, "hex": "#000000"}, "shape": "rectangle"}, "position": {"x": 0, "y": 0}}, "position": {"x": 0, "y": 0}, "source": {"file": "doc-3.3", "pageStart": 1, "pageEnd": 1}}, "target": {"id": "8", "name": "mark", "entity": {"name": "activity", "description": "", "aspect": {"name": "", "textColor": {"r": 0, "g": 0, "b": 0, "hex": "#000000"}, "shapeColor": {"r": 0, "g": 0, "b": 0, "hex": "#000000"}, "shape": "rectangle"}, "position": {"x": 0, "y": 0}}, "position": {"x": 0, "y": 0}, "source": {"file": "doc-3.3", "pageStart": 1, "pageEnd": 1}}, "type": "flow"}, {"id": "11", "source": {"id": "8", "name": "mark", "entity": {"name": "activity", "description": "", "aspect": {"name": "", "textColor": {"r": 0, "g": 0, "b": 0, "hex": "#000000"}, "shapeColor": {"r": 0, "g": 0, "b": 0, "hex": "#000000"}, "shape": "rectangle"}, "position": {"x": 0, "y": 0}}, "position": {"x": 0, "y": 0}, "source": {"file": "doc-3.3", "pageStart": 1, "pageEnd": 1}}, "target": {"id": "0", "name": "a claim", "entity": {"name": "activity data", "description": "", "aspect": {"name": "", "textColor": {"r": 0, "g": 0, "b": 0, "hex": "#000000"}, "shapeColor": {"r": 0, "g": 0, "b": 0, "hex": "#000000"}, "shape": "rectangle"}, "position": {"x": 0, "y": 0}}, "position": {"x": 0, "y": 0}, "source": {"file": "doc-3.3", "pageStart": 1, "pageEnd": 1}}, "type": "uses"}, {"id": "12", "source": {"id": "8", "name": "mark", "entity": {"name": "activity", "description": "", "aspect": {"name": "", "textColor": {"r": 0, "g": 0, "b": 0, "hex": "#000000"}, "shapeColor": {"r": 0, "g": 0, "b": 0, "hex": "#000000"}, "shape": "rectangle"}, "position": {"x": 0, "y": 0}}, "position": {"x": 0, "y": 0}, "source": {"file": "doc-3.3", "pageStart": 1, "pageEnd": 1}}, "target": {"id": "10", "name": "If", "entity": {"name": "xor gateway", "description": "", "aspect": {"name": "", "textColor": {"r": 0, "g": 0, "b": 0, "hex": "#000000"}, "shapeColor": {"r": 0, "g": 0, "b": 0, "hex": "#000000"}, "shape": "rectangle"}, "position": {"x": 0, "y": 0}}, "position": {"x": 0, "y": 0}, "source": {"file": "doc-3.3", "pageStart": 1, "pageEnd": 1}}, "type": "flow"}, {"id": "13", "source": {"id": "8", "name": "mark", "entity": {"name": "activity", "description": "", "aspect": {"name": "", "textColor": {"r": 0, "g": 0, "b": 0, "hex": "#000000"}, "shapeColor": {"r": 0, "g": 0, "b": 0, "hex": "#000000"}, "shape": "rectangle"}, "position": {"x": 0, "y": 0}}, "position": {"x": 0, "y": 0}, "source": {"file": "doc-3.3", "pageStart": 1, "pageEnd": 1}}, "target": {"id": "9", "name": "as OK or Not OK", "entity": {"name": "further specification", "description": "", "aspect": {"name": "", "textColor": {"r": 0, "g": 0, "b": 0, "hex": "#000000"}, "shapeColor": {"r": 0, "g": 0, "b": 0, "hex": "#000000"}, "shape": "rectangle"}, "position": {"x": 0, "y": 0}}, "position": {"x": 0, "y": 0}, "source": {"file": "doc-3.3", "pageStart": 1, "pageEnd": 1}}, "type": "further specification"}, {"id": "14", "source": {"id": "10", "name": "If", "entity": {"name": "xor gateway", "description": "", "aspect": {"name": "", "textColor": {"r": 0, "g": 0, "b": 0, "hex": "#000000"}, "shapeColor": {"r": 0, "g": 0, "b": 0, "hex": "#000000"}, "shape": "rectangle"}, "position": {"x": 0, "y": 0}}, "position": {"x": 0, "y": 0}, "source": {"file": "doc-3.3", "pageStart": 1, "pageEnd": 1}}, "target": {"id": "11", "name": "the claim is marked as Not OK", "entity": {"name": "condition specification", "description": "", "aspect": {"name": "", "textColor": {"r": 0, "g": 0, "b": 0, "hex": "#000000"}, "shapeColor": {"r": 0, "g": 0, "b": 0, "hex": "#000000"}, "shape": "rectangle"}, "position": {"x": 0, "y": 0}}, "position": {"x": 0, "y": 0}, "source": {"file": "doc-3.3", "pageStart": 1, "pageEnd": 1}}, "type": "flow"}, {"id": "15", "source": {"id": "10", "name": "If", "entity": {"name": "xor gateway", "description": "", "aspect": {"name": "", "textColor": {"r": 0, "g": 0, "b": 0, "hex": "#000000"}, "shapeColor": {"r": 0, "g": 0, "b": 0, "hex": "#000000"}, "shape": "rectangle"}, "position": {"x": 0, "y": 0}}, "position": {"x": 0, "y": 0}, "source": {"file": "doc-3.3", "pageStart": 1, "pageEnd": 1}}, "target": {"id": "13", "name": "If", "entity": {"name": "xor gateway", "description": "", "aspect": {"name": "", "textColor": {"r": 0, "g": 0, "b": 0, "hex": "#000000"}, "shapeColor": {"r": 0, "g": 0, "b": 0, "hex": "#000000"}, "shape": "rectangle"}, "position": {"x": 0, "y": 0}}, "position": {"x": 0, "y": 0}, "source": {"file": "doc-3.3", "pageStart": 1, "pageEnd": 1}}, "type": "same gateway"}, {"id": "16", "source": {"id": "11", "name": "the claim is marked as Not OK", "entity": {"name": "condition specification", "description": "", "aspect": {"name": "", "textColor": {"r": 0, "g": 0, "b": 0, "hex": "#000000"}, "shapeColor": {"r": 0, "g": 0, "b": 0, "hex": "#000000"}, "shape": "rectangle"}, "position": {"x": 0, "y": 0}}, "position": {"x": 0, "y": 0}, "source": {"file": "doc-3.3", "pageStart": 1, "pageEnd": 1}}, "target": {"id": "12", "name": "sent back", "entity": {"name": "activity", "description": "", "aspect": {"name": "", "textColor": {"r": 0, "g": 0, "b": 0, "hex": "#000000"}, "shapeColor": {"r": 0, "g": 0, "b": 0, "hex": "#000000"}, "shape": "rectangle"}, "position": {"x": 0, "y": 0}}, "position": {"x": 0, "y": 0}, "source": {"file": "doc-3.3", "pageStart": 1, "pageEnd": 1}}, "type": "flow"}, {"id": "17", "source": {"id": "12", "name": "sent back", "entity": {"name": "activity", "description": "", "aspect": {"name": "", "textColor": {"r": 0, "g": 0, "b": 0, "hex": "#000000"}, "shapeColor": {"r": 0, "g": 0, "b": 0, "hex": "#000000"}, "shape": "rectangle"}, "position": {"x": 0, "y": 0}}, "position": {"x": 0, "y": 0}, "source": {"file": "doc-3.3", "pageStart": 1, "pageEnd": 1}}, "target": {"id": "0", "name": "a claim", "entity": {"name": "activity data", "description": "", "aspect": {"name": "", "textColor": {"r": 0, "g": 0, "b": 0, "hex": "#000000"}, "shapeColor": {"r": 0, "g": 0, "b": 0, "hex": "#000000"}, "shape": "rectangle"}, "position": {"x": 0, "y": 0}}, "position": {"x": 0, "y": 0}, "source": {"file": "doc-3.3", "pageStart": 1, "pageEnd": 1}}, "type": "uses"}, {"id": "18", "source": {"id": "12", "name": "sent back", "entity": {"name": "activity", "description": "", "aspect": {"name": "", "textColor": {"r": 0, "g": 0, "b": 0, "hex": "#000000"}, "shapeColor": {"r": 0, "g": 0, "b": 0, "hex": "#000000"}, "shape": "rectangle"}, "position": {"x": 0, "y": 0}}, "position": {"x": 0, "y": 0}, "source": {"file": "doc-3.3", "pageStart": 1, "pageEnd": 1}}, "target": {"id": "3", "name": "a claims officer", "entity": {"name": "actor", "description": "", "aspect": {"name": "", "textColor": {"r": 0, "g": 0, "b": 0, "hex": "#000000"}, "shapeColor": {"r": 0, "g": 0, "b": 0, "hex": "#000000"}, "shape": "rectangle"}, "position": {"x": 0, "y": 0}}, "position": {"x": 0, "y": 0}, "source": {"file": "doc-3.3", "pageStart": 1, "pageEnd": 1}}, "type": "actor recipient"}, {"id": "19", "source": {"id": "12", "name": "sent back", "entity": {"name": "activity", "description": "", "aspect": {"name": "", "textColor": {"r": 0, "g": 0, "b": 0, "hex": "#000000"}, "shapeColor": {"r": 0, "g": 0, "b": 0, "hex": "#000000"}, "shape": "rectangle"}, "position": {"x": 0, "y": 0}}, "position": {"x": 0, "y": 0}, "source": {"file": "doc-3.3", "pageStart": 1, "pageEnd": 1}}, "target": {"id": "4", "name": "writes", "entity": {"name": "activity", "description": "", "aspect": {"name": "", "textColor": {"r": 0, "g": 0, "b": 0, "hex": "#000000"}, "shapeColor": {"r": 0, "g": 0, "b": 0, "hex": "#000000"}, "shape": "rectangle"}, "position": {"x": 0, "y": 0}}, "position": {"x": 0, "y": 0}, "source": {"file": "doc-3.3", "pageStart": 1, "pageEnd": 1}}, "type": "flow"}, {"id": "20", "source": {"id": "13", "name": "If", "entity": {"name": "xor gateway", "description": "", "aspect": {"name": "", "textColor": {"r": 0, "g": 0, "b": 0, "hex": "#000000"}, "shapeColor": {"r": 0, "g": 0, "b": 0, "hex": "#000000"}, "shape": "rectangle"}, "position": {"x": 0, "y": 0}}, "position": {"x": 0, "y": 0}, "source": {"file": "doc-3.3", "pageStart": 1, "pageEnd": 1}}, "target": {"id": "14", "name": "the claim is OK", "entity": {"name": "condition specification", "description": "", "aspect": {"name": "", "textColor": {"r": 0, "g": 0, "b": 0, "hex": "#000000"}, "shapeColor": {"r": 0, "g": 0, "b": 0, "hex": "#000000"}, "shape": "rectangle"}, "position": {"x": 0, "y": 0}}, "position": {"x": 0, "y": 0}, "source": {"file": "doc-3.3", "pageStart": 1, "pageEnd": 1}}, "type": "flow"}, {"id": "21", "source": {"id": "14", "name": "the claim is OK", "entity": {"name": "condition specification", "description": "", "aspect": {"name": "", "textColor": {"r": 0, "g": 0, "b": 0, "hex": "#000000"}, "shapeColor": {"r": 0, "g": 0, "b": 0, "hex": "#000000"}, "shape": "rectangle"}, "position": {"x": 0, "y": 0}}, "position": {"x": 0, "y": 0}, "source": {"file": "doc-3.3", "pageStart": 1, "pageEnd": 1}}, "target": {"id": "16", "name": "proceeds", "entity": {"name": "activity", "description": "", "aspect": {"name": "", "textColor": {"r": 0, "g": 0, "b": 0, "hex": "#000000"}, "shapeColor": {"r": 0, "g": 0, "b": 0, "hex": "#000000"}, "shape": "rectangle"}, "position": {"x": 0, "y": 0}}, "position": {"x": 0, "y": 0}, "source": {"file": "doc-3.3", "pageStart": 1, "pageEnd": 1}}, "type": "flow"}, {"id": "22", "source": {"id": "16", "name": "proceeds", "entity": {"name": "activity", "description": "", "aspect": {"name": "", "textColor": {"r": 0, "g": 0, "b": 0, "hex": "#000000"}, "shapeColor": {"r": 0, "g": 0, "b": 0, "hex": "#000000"}, "shape": "rectangle"}, "position": {"x": 0, "y": 0}}, "position": {"x": 0, "y": 0}, "source": {"file": "doc-3.3", "pageStart": 1, "pageEnd": 1}}, "target": {"id": "15", "name": "the claim handling process", "entity": {"name": "activity data", "description": "", "aspect": {"name": "", "textColor": {"r": 0, "g": 0, "b": 0, "hex": "#000000"}, "shapeColor": {"r": 0, "g": 0, "b": 0, "hex": "#000000"}, "shape": "rectangle"}, "position": {"x": 0, "y": 0}}, "position": {"x": 0, "y": 0}, "source": {"file": "doc-3.3", "pageStart": 1, "pageEnd": 1}}, "type": "uses"}]}